Component: ARM Compiler 5.06 update 7 (build 960) Tool: armlink [4d3601]

==============================================================================

Section Cross References

    startup_stm32f427xx.o(STACK) refers (Special) to heapauxi.o(.text) for __use_two_region_memory
    startup_stm32f427xx.o(HEAP) refers (Special) to heapauxi.o(.text) for __use_two_region_memory
    startup_stm32f427xx.o(RESET) refers (Special) to heapauxi.o(.text) for __use_two_region_memory
    startup_stm32f427xx.o(RESET) refers to startup_stm32f427xx.o(STACK) for __initial_sp
    startup_stm32f427xx.o(RESET) refers to startup_stm32f427xx.o(.text) for Reset_Handler
    startup_stm32f427xx.o(RESET) refers to stm32f4xx_it.o(i.NMI_Handler) for NMI_Handler
    startup_stm32f427xx.o(RESET) refers to stm32f4xx_it.o(i.HardFault_Handler) for HardFault_Handler
    startup_stm32f427xx.o(RESET) refers to stm32f4xx_it.o(i.MemManage_Handler) for MemManage_Handler
    startup_stm32f427xx.o(RESET) refers to stm32f4xx_it.o(i.BusFault_Handler) for BusFault_Handler
    startup_stm32f427xx.o(RESET) refers to stm32f4xx_it.o(i.UsageFault_Handler) for UsageFault_Handler
    startup_stm32f427xx.o(RESET) refers to port.o(.emb_text) for SVC_Handler
    startup_stm32f427xx.o(RESET) refers to stm32f4xx_it.o(i.DebugMon_Handler) for DebugMon_Handler
    startup_stm32f427xx.o(RESET) refers to port.o(i.SysTick_Handler) for SysTick_Handler
    startup_stm32f427xx.o(RESET) refers to stm32f4xx_it.o(i.CAN1_TX_IRQHandler) for CAN1_TX_IRQHandler
    startup_stm32f427xx.o(RESET) refers to stm32f4xx_it.o(i.CAN1_RX0_IRQHandler) for CAN1_RX0_IRQHandler
    startup_stm32f427xx.o(RESET) refers to stm32f4xx_it.o(i.TIM6_DAC_IRQHandler) for TIM6_DAC_IRQHandler
    startup_stm32f427xx.o(RESET) refers to stm32f4xx_it.o(i.CAN2_TX_IRQHandler) for CAN2_TX_IRQHandler
    startup_stm32f427xx.o(RESET) refers to stm32f4xx_it.o(i.CAN2_RX0_IRQHandler) for CAN2_RX0_IRQHandler
    startup_stm32f427xx.o(RESET) refers to stm32f4xx_it.o(i.CAN2_RX1_IRQHandler) for CAN2_RX1_IRQHandler
    startup_stm32f427xx.o(RESET) refers to stm32f4xx_it.o(i.CAN2_SCE_IRQHandler) for CAN2_SCE_IRQHandler
    startup_stm32f427xx.o(RESET) refers to stm32f4xx_it.o(i.USART6_IRQHandler) for USART6_IRQHandler
    startup_stm32f427xx.o(.text) refers (Special) to heapauxi.o(.text) for __use_two_region_memory
    startup_stm32f427xx.o(.text) refers to system_stm32f4xx.o(i.SystemInit) for SystemInit
    startup_stm32f427xx.o(.text) refers to __main.o(!!!main) for __main
    startup_stm32f427xx.o(.text) refers to startup_stm32f427xx.o(HEAP) for Heap_Mem
    startup_stm32f427xx.o(.text) refers to startup_stm32f427xx.o(STACK) for Stack_Mem
    main.o(i.HAL_TIM_PeriodElapsedCallback) refers to stm32f4xx_hal.o(i.HAL_IncTick) for HAL_IncTick
    main.o(i.SystemClock_Config) refers to rt_memclr_w.o(.text) for __aeabi_memclr4
    main.o(i.SystemClock_Config) refers to stm32f4xx_hal_rcc.o(i.HAL_RCC_OscConfig) for HAL_RCC_OscConfig
    main.o(i.SystemClock_Config) refers to stm32f4xx_hal_pwr_ex.o(i.HAL_PWREx_EnableOverDrive) for HAL_PWREx_EnableOverDrive
    main.o(i.SystemClock_Config) refers to stm32f4xx_hal_rcc.o(i.HAL_RCC_ClockConfig) for HAL_RCC_ClockConfig
    main.o(i.main) refers to stm32f4xx_hal.o(i.HAL_Init) for HAL_Init
    main.o(i.main) refers to main.o(i.SystemClock_Config) for SystemClock_Config
    main.o(i.main) refers to gpio.o(i.MX_GPIO_Init) for MX_GPIO_Init
    main.o(i.main) refers to can.o(i.MX_CAN1_Init) for MX_CAN1_Init
    main.o(i.main) refers to can.o(i.MX_CAN2_Init) for MX_CAN2_Init
    main.o(i.main) refers to tim.o(i.MX_TIM8_Init) for MX_TIM8_Init
    main.o(i.main) refers to tim.o(i.MX_TIM10_Init) for MX_TIM10_Init
    main.o(i.main) refers to usart.o(i.MX_USART1_UART_Init) for MX_USART1_UART_Init
    main.o(i.main) refers to usart.o(i.MX_USART3_UART_Init) for MX_USART3_UART_Init
    main.o(i.main) refers to usart.o(i.MX_USART6_UART_Init) for MX_USART6_UART_Init
    main.o(i.main) refers to spi.o(i.MX_SPI4_Init) for MX_SPI4_Init
    main.o(i.main) refers to tim.o(i.MX_TIM1_Init) for MX_TIM1_Init
    main.o(i.main) refers to freertos.o(i.MX_FREERTOS_Init) for MX_FREERTOS_Init
    main.o(i.main) refers to cmsis_os.o(i.osKernelStart) for osKernelStart
    gpio.o(i.MX_GPIO_Init) refers to rt_memclr_w.o(.text) for __aeabi_memclr4
    gpio.o(i.MX_GPIO_Init) refers to stm32f4xx_hal_gpio.o(i.HAL_GPIO_WritePin) for HAL_GPIO_WritePin
    gpio.o(i.MX_GPIO_Init) refers to stm32f4xx_hal_gpio.o(i.HAL_GPIO_Init) for HAL_GPIO_Init
    freertos.o(i.MX_FREERTOS_Init) refers to rt_memcpy_w.o(.text) for __aeabi_memcpy4
    freertos.o(i.MX_FREERTOS_Init) refers to cmsis_os.o(i.osThreadCreate) for osThreadCreate
    freertos.o(i.MX_FREERTOS_Init) refers to freertos.o(.constdata) for .constdata
    freertos.o(i.MX_FREERTOS_Init) refers to freertos.o(.data) for .data
    freertos.o(i.StartDefaultTask) refers to cmsis_os.o(i.osDelay) for osDelay
[...]
    i.HAL_PWREx_EnableOverDrive              0x08001178   Section        0  stm32f4xx_hal_pwr_ex.o(i.HAL_PWREx_EnableOverDrive)
    i.HAL_RCC_ClockConfig                    0x080011e8   Section        0  stm32f4xx_hal_rcc.o(i.HAL_RCC_ClockConfig)
    i.HAL_RCC_GetClockConfig                 0x0800131c   Section        0  stm32f4xx_hal_rcc.o(i.HAL_RCC_GetClockConfig)
    i.HAL_RCC_GetPCLK1Freq                   0x0800135c   Section        0  stm32f4xx_hal_rcc.o(i.HAL_RCC_GetPCLK1Freq)
    i.HAL_RCC_GetPCLK2Freq                   0x0800137c   Section        0  stm32f4xx_hal_rcc.o(i.HAL_RCC_GetPCLK2Freq)
    i.HAL_RCC_GetSysClockFreq                0x0800139c   Section        0  stm32f4xx_hal_rcc.o(i.HAL_RCC_GetSysClockFreq)
    i.HAL_RCC_OscConfig                      0x08001400   Section        0  stm32f4xx_hal_rcc.o(i.HAL_RCC_OscConfig)
    i.HAL_SPI_Init                           0x0800176c   Section        0  stm32f4xx_hal_spi.o(i.HAL_SPI_Init)
    i.HAL_SPI_MspInit                        0x08001828   Section        0  spi.o(i.HAL_SPI_MspInit)
    i.HAL_TIMEx_BreakCallback                0x08001894   Section        0  stm32f4xx_hal_tim_ex.o(i.HAL_TIMEx_BreakCallback)
    i.HAL_TIMEx_CommutCallback               0x08001896   Section        0  stm32f4xx_hal_tim_ex.o(i.HAL_TIMEx_CommutCallback)
    i.HAL_TIMEx_ConfigBreakDeadTime          0x08001898   Section        0  stm32f4xx_hal_tim_ex.o(i.HAL_TIMEx_ConfigBreakDeadTime)
    i.HAL_TIMEx_MasterConfigSynchronization  0x080018ec   Section        0  stm32f4xx_hal_tim_ex.o(i.HAL_TIMEx_MasterConfigSynchronization)
    i.HAL_TIM_Base_Init                      0x0800197c   Section        0  stm32f4xx_hal_tim.o(i.HAL_TIM_Base_Init)
    i.HAL_TIM_Base_MspInit                   0x080019d8   Section        0  tim.o(i.HAL_TIM_Base_MspInit)
    i.HAL_TIM_Base_Start_IT                  0x08001a18   Section        0  stm32f4xx_hal_tim.o(i.HAL_TIM_Base_Start_IT)
    i.HAL_TIM_ConfigClockSource              0x08001a98   Section        0  stm32f4xx_hal_tim.o(i.HAL_TIM_ConfigClockSource)
    i.HAL_TIM_IC_CaptureCallback             0x08001b74   Section        0  stm32f4xx_hal_tim.o(i.HAL_TIM_IC_CaptureCallback)
    i.HAL_TIM_IRQHandler                     0x08001b76   Section        0  stm32f4xx_hal_tim.o(i.HAL_TIM_IRQHandler)
    i.HAL_TIM_MspPostInit                    0x08001ca8   Section        0  tim.o(i.HAL_TIM_MspPostInit)
    i.HAL_TIM_OC_DelayElapsedCallback        0x08001d2c   Section        0  stm32f4xx_hal_tim.o(i.HAL_TIM_OC_DelayElapsedCallback)
    i.HAL_TIM_PWM_ConfigChannel              0x08001d2e   Section        0  stm32f4xx_hal_tim.o(i.HAL_TIM_PWM_ConfigChannel)
    i.HAL_TIM_PWM_Init                       0x08001dfa   Section        0  stm32f4xx_hal_tim.o(i.HAL_TIM_PWM_Init)
    i.HAL_TIM_PWM_MspInit                    0x08001e54   Section        0  tim.o(i.HAL_TIM_PWM_MspInit)
    i.HAL_TIM_PWM_PulseFinishedCallback      0x08001e7c   Section        0  bsp_pwm.o(i.HAL_TIM_PWM_PulseFinishedCallback)
    i.HAL_TIM_PeriodElapsedCallback          0x08001ec4   Section        0  main.o(i.HAL_TIM_PeriodElapsedCallback)
    i.HAL_TIM_TriggerCallback                0x08001ed8   Section        0  stm32f4xx_hal_tim.o(i.HAL_TIM_TriggerCallback)
    i.HAL_UARTEx_ReceiveToIdle_DMA           0x08001eda   Section        0  stm32f4xx_hal_uart.o(i.HAL_UARTEx_ReceiveToIdle_DMA)
    i.HAL_UARTEx_RxEventCallback             0x08001f24   Section        0  bsp_usart.o(i.HAL_UARTEx_RxEventCallback)
    i.HAL_UART_ErrorCallback                 0x08001f90   Section        0  bsp_usart.o(i.HAL_UART_ErrorCallback)
    i.HAL_UART_IRQHandler                    0x08001fe0   Section        0  stm32f4xx_hal_uart.o(i.HAL_UART_IRQHandler)
    i.HAL_UART_Init                          0x08002260   Section        0  stm32f4xx_hal_uart.o(i.HAL_UART_Init)
    i.HAL_UART_MspInit                       0x080022c4   Section        0  usart.o(i.HAL_UART_MspInit)
    i.HAL_UART_RxCpltCallback                0x080023ec   Section        0  stm32f4xx_hal_uart.o(i.HAL_UART_RxCpltCallback)
    i.HAL_UART_RxHalfCpltCallback            0x080023ee   Section        0  stm32f4xx_hal_uart.o(i.HAL_UART_RxHalfCpltCallback)
    i.HAL_UART_TxCpltCallback                0x080023f0   Section        0  stm32f4xx_hal_uart.o(i.HAL_UART_TxCpltCallback)
    i.HardFault_Handler                      0x080023f2   Section        0  stm32f4xx_it.o(i.HardFault_Handler)
    i.MX_CAN1_Init                           0x080023f4   Section        0  can.o(i.MX_CAN1_Init)
    i.MX_CAN2_Init                           0x08002434   Section        0  can.o(i.MX_CAN2_Init)
    i.MX_FREERTOS_Init                       0x08002474   Section        0  freertos.o(i.MX_FREERTOS_Init)
    i.MX_GPIO_Init                           0x0800249c   Section        0  gpio.o(i.MX_GPIO_Init)
    i.MX_SPI4_Init                           0x08002574   Section        0  spi.o(i.MX_SPI4_Init)
    i.MX_TIM10_Init                          0x080025bc   Section        0  tim.o(i.MX_TIM10_Init)
    i.MX_TIM1_Init                           0x08002624   Section        0  tim.o(i.MX_TIM1_Init)
    i.MX_TIM8_Init                           0x080026c4   Section        0  tim.o(i.MX_TIM8_Init)
    i.MX_USART1_UART_Init                    0x0800272c   Section        0  usart.o(i.MX_USART1_UART_Init)
    i.MX_USART3_UART_Init                    0x08002764   Section        0  usart.o(i.MX_USART3_UART_Init)
    i.MX_USART6_UART_Init                    0x0800279c   Section        0  usart.o(i.MX_USART6_UART_Init)
    i.MemManage_Handler                      0x080027d4   Section        0  stm32f4xx_it.o(i.MemManage_Handler)
    i.NMI_Handler                            0x080027d6   Section        0  stm32f4xx_it.o(i.NMI_Handler)
    i.StartDefaultTask                       0x080027d8   Section        0  freertos.o(i.StartDefaultTask)
    i.SysTick_Handler                        0x080027e0   Section        0  port.o(i.SysTick_Handler)
    i.SystemClock_Config                     0x0800280c   Section        0  main.o(i.SystemClock_Config)
    i.SystemInit                             0x080028ac   Section        0  system_stm32f4xx.o(i.SystemInit)
    i.TIM6_DAC_IRQHandler                    0x080028bc   Section        0  stm32f4xx_it.o(i.TIM6_DAC_IRQHandler)
    i.TIM_Base_SetConfig                     0x080028c8   Section        0  stm32f4xx_hal_tim.o(i.TIM_Base_SetConfig)
    i.TIM_ETR_SetConfig                      0x08002998   Section        0  stm32f4xx_hal_tim.o(i.TIM_ETR_SetConfig)
    i.TIM_ITRx_SetConfig                     0x080029ac   Section        0  stm32f4xx_hal_tim.o(i.TIM_ITRx_SetConfig)
    TIM_ITRx_SetConfig                       0x080029ad   Thumb Code    16  stm32f4xx_hal_tim.o(i.TIM_ITRx_SetConfig)
    i.TIM_OC1_SetConfig                      0x080029bc   Section        0  stm32f4xx_hal_tim.o(i.TIM_OC1_SetConfig)
    TIM_OC1_SetConfig                        0x080029bd   Thumb Code    88  stm32f4xx_hal_tim.o(i.TIM_OC1_SetConfig)
    i.TIM_OC2_SetConfig                      0x08002a1c   Section        0  stm32f4xx_hal_tim.o(i.TIM_OC2_SetConfig)
    i.TIM_OC3_SetConfig                      0x08002a88   Section        0  stm32f4xx_hal_tim.o(i.TIM_OC3_SetConfig)
    TIM_OC3_SetConfig                        0x08002a89   Thumb Code    96  stm32f4xx_hal_tim.o(i.TIM_OC3_SetConfig)
    i.TIM_OC4_SetConfig                      0x08002af0   Section        0  stm32f4xx_hal_tim.o(i.TIM_OC4_SetConfig)
    TIM_OC4_SetConfig                        0x08002af1   Thumb Code    70  stm32f4xx_hal_tim.o(i.TIM_OC4_SetConfig)
    i.TIM_TI1_ConfigInputStage               0x08002b40   Section        0  stm32f4xx_hal_tim.o(i.TIM_TI1_ConfigInputStage)
    TIM_TI1_ConfigInputStage                 0x08002b41   Thumb Code    34  stm32f4xx_hal_tim.o(i.TIM_TI1_ConfigInputStage)
    i.TIM_TI2_ConfigInputStage               0x08002b62   Section        0  stm32f4xx_hal_tim.o(i.TIM_TI2_ConfigInputStage)
    TIM_TI2_ConfigInputStage                 0x08002b63   Thumb Code    36  stm32f4xx_hal_tim.o(i.TIM_TI2_ConfigInputStage)
    i.UART_DMAAbortOnError                   0x08002b86   Section        0  stm32f4xx_hal_uart.o(i.UART_DMAAbortOnError)
    UART_DMAAbortOnError                     0x08002b87   Thumb Code    14  stm32f4xx_hal_uart.o(i.UART_DMAAbortOnError)
    i.UART_DMAError                          0x08002b94   Section        0  stm32f4xx_hal_uart.o(i.UART_DMAError)
    UART_DMAError                            0x08002b95   Thumb Code    74  stm32f4xx_hal_uart.o(i.UART_DMAError)
    i.UART_DMAReceiveCplt                    0x08002bde   Section        0  stm32f4xx_hal_uart.o(i.UART_DMAReceiveCplt)
    UART_DMAReceiveCplt                      0x08002bdf   Thumb Code   134  stm32f4xx_hal_uart.o(i.UART_DMAReceiveCplt)
    i.UART_DMARxHalfCplt                     0x08002c64   Section        0  stm32f4xx_hal_uart.o(i.UART_DMARxHalfCplt)
    UART_DMARxHalfCplt                       0x08002c65   Thumb Code    30  stm32f4xx_hal_uart.o(i.UART_DMARxHalfCplt)
    i.UART_EndRxTransfer                     0x08002c82   Section        0  stm32f4xx_hal_uart.o(i.UART_EndRxTransfer)
    UART_EndRxTransfer                       0x08002c83   Thumb Code    78  stm32f4xx_hal_uart.o(i.UART_EndRxTransfer)
    i.UART_EndTxTransfer                     0x08002cd0   Section        0  stm32f4xx_hal_uart.o(i.UART_EndTxTransfer)
    UART_EndTxTransfer                       0x08002cd1   Thumb Code    28  stm32f4xx_hal_uart.o(i.UART_EndTxTransfer)
    i.UART_Receive_IT                        0x08002cec   Section        0  stm32f4xx_hal_uart.o(i.UART_Receive_IT)
    UART_Receive_IT                          0x08002ced   Thumb Code   194  stm32f4xx_hal_uart.o(i.UART_Receive_IT)
    i.UART_SetConfig                         0x08002db0   Section        0  stm32f4xx_hal_uart.o(i.UART_SetConfig)
    UART_SetConfig                           0x08002db1   Thumb Code   258  stm32f4xx_hal_uart.o(i.UART_SetConfig)
    i.UART_Start_Receive_DMA                 0x08002ebc   Section        0  stm32f4xx_hal_uart.o(i.UART_Start_Receive_DMA)
    i.USART6_IRQHandler                      0x08002f5c   Section        0  stm32f4xx_it.o(i.USART6_IRQHandler)
    i.UsageFault_Handler                     0x08002f68   Section        0  stm32f4xx_it.o(i.UsageFault_Handler)
    i.__NVIC_SetPriority                     0x08002f6a   Section        0  stm32f4xx_hal_cortex.o(i.__NVIC_SetPriority)
    __NVIC_SetPriority                       0x08002f6b   Thumb Code    32  stm32f4xx_hal_cortex.o(i.__NVIC_SetPriority)
    i.main                                   0x08002f8a   Section        0  main.o(i.main)
    i.makeFreeRtosPriority                   0x08002fc4   Section        0  cmsis_os.o(i.makeFreeRtosPriority)
    makeFreeRtosPriority                     0x08002fc5   Thumb Code    12  cmsis_os.o(i.makeFreeRtosPriority)
    i.osDelay                                0x08002fd0   Section        0  cmsis_os.o(i.osDelay)
    i.osKernelStart                          0x08002fde   Section        0  cmsis_os.o(i.osKernelStart)
    i.osThreadCreate                         0x08002fe8   Section        0  cmsis_os.o(i.osThreadCreate)
    i.prvAddCurrentTaskToDelayedList         0x0800303c   Section        0  tasks.o(i.prvAddCurrentTaskToDelayedList)
    prvAddCurrentTaskToDelayedList           0x0800303d   Thumb Code   102  tasks.o(i.prvAddCurrentTaskToDelayedList)
    i.prvAddNewTaskToReadyList               0x080030ac   Section        0  tasks.o(i.prvAddNewTaskToReadyList)
    prvAddNewTaskToReadyList                 0x080030ad   Thumb Code   194  tasks.o(i.prvAddNewTaskToReadyList)
    i.prvDeleteTCB                           0x0800317c   Section        0  tasks.o(i.prvDeleteTCB)
    prvDeleteTCB                             0x0800317d   Thumb Code    52  tasks.o(i.prvDeleteTCB)
    i.prvHeapInit                            0x080031b0   Section        0  heap_4.o(i.prvHeapInit)
    prvHeapInit                              0x080031b1   Thumb Code    66  heap_4.o(i.prvHeapInit)
    i.prvIdleTask                            0x080031fc   Section        0  tasks.o(i.prvIdleTask)
    prvIdleTask                              0x080031fd   Thumb Code    82  tasks.o(i.prvIdleTask)
    i.prvInitialiseNewTask                   0x0800325c   Section        0  tasks.o(i.prvInitialiseNewTask)
    prvInitialiseNewTask                     0x0800325d   Thumb Code   152  tasks.o(i.prvInitialiseNewTask)
    i.prvInsertBlockIntoFreeList             0x080032f4   Section        0  heap_4.o(i.prvInsertBlockIntoFreeList)
    prvInsertBlockIntoFreeList               0x080032f5   Thumb Code    72  heap_4.o(i.prvInsertBlockIntoFreeList)
    i.prvResetNextTaskUnblockTime            0x08003340   Section        0  tasks.o(i.prvResetNextTaskUnblockTime)
    prvResetNextTaskUnblockTime              0x08003341   Thumb Code    26  tasks.o(i.prvResetNextTaskUnblockTime)
    i.prvTaskExitError                       0x08003360   Section        0  port.o(i.prvTaskExitError)
    prvTaskExitError                         0x08003361   Thumb Code    36  port.o(i.prvTaskExitError)
    i.pvPortMalloc                           0x08003388   Section        0  heap_4.o(i.pvPortMalloc)
    i.pxPortInitialiseStack                  0x08003464   Section        0  port.o(i.pxPortInitialiseStack)
    i.uxListRemove                           0x08003490   Section        0  list.o(i.uxListRemove)
    i.vApplicationGetIdleTaskMemory          0x080034b8   Section        0  freertos.o(i.vApplicationGetIdleTaskMemory)
    i.vListInitialise                        0x080034d0   Section        0  list.o(i.vListInitialise)
    i.vListInitialiseItem                    0x080034e6   Section        0  list.o(i.vListInitialiseItem)
    i.vListInsert                            0x080034ec   Section        0  list.o(i.vListInsert)
    i.vListInsertEnd                         0x0800351c   Section        0  list.o(i.vListInsertEnd)
    i.vPortEnterCritical                     0x08003534   Section        0  port.o(i.vPortEnterCritical)
    i.vPortExitCritical                      0x08003574   Section        0  port.o(i.vPortExitCritical)
    i.vPortFree                              0x0800359c   Section        0  heap_4.o(i.vPortFree)
    i.vPortSetupTimerInterrupt               0x08003600   Section        0  port.o(i.vPortSetupTimerInterrupt)
    i.vTaskDelay                             0x08003624   Section        0  tasks.o(i.vTaskDelay)
    i.vTaskStartScheduler                    0x08003670   Section        0  tasks.o(i.vTaskStartScheduler)
    i.vTaskSuspendAll                        0x080036dc   Section        0  tasks.o(i.vTaskSuspendAll)
    i.vTaskSwitchContext                     0x080036ec   Section        0  tasks.o(i.vTaskSwitchContext)
    i.xPortStartScheduler                    0x08003748   Section        0  port.o(i.xPortStartScheduler)
    i.xTaskCreate                            0x0800383c   Section        0  tasks.o(i.xTaskCreate)
    i.xTaskCreateStatic                      0x08003896   Section        0  tasks.o(i.xTaskCreateStatic)
    i.xTaskIncrementTick                     0x080038ec   Section        0  tasks.o(i.xTaskIncrementTick)
    i.xTaskResumeAll                         0x080039b8   Section        0  tasks.o(i.xTaskResumeAll)
    x$fpl$fpinit                             0x08003a7c   Section       10  fpinit.o(x$fpl$fpinit)
    $v0                                      0x08003a7c   Number         0  fpinit.o(x$fpl$fpinit)
    .constdata                               0x08003a88   Section       28  freertos.o(.constdata)
    .constdata                               0x08003aa4   Section       16  system_stm32f4xx.o(.constdata)
    .constdata                               0x08003ab4   Section        8  system_stm32f4xx.o(.constdata)
    .conststring                             0x08003abc   Section       12  freertos.o(.conststring)
    .data                                    0x20000000   Section        4  freertos.o(.data)
    .data                                    0x20000004   Section        4  can.o(.data)
    HAL_RCC_CAN1_CLK_ENABLED                 0x20000004   Data           4  can.o(.data)
    .data                                    0x20000008   Section       12  stm32f4xx_hal.o(.data)
    .data                                    0x20000014   Section        4  system_stm32f4xx.o(.data)
    .data                                    0x20000018   Section       60  tasks.o(.data)
    uxDeletedTasksWaitingCleanUp             0x2000001c   Data           4  tasks.o(.data)
    uxCurrentNumberOfTasks                   0x20000020   Data           4  tasks.o(.data)
    xTickCount                               0x20000024   Data           4  tasks.o(.data)
    uxTopReadyPriority                       0x20000028   Data           4  tasks.o(.data)
    xSchedulerRunning                        0x2000002c   Data           4  tasks.o(.data)
    xPendedTicks                             0x20000030   Data           4  tasks.o(.data)
    xYieldPending                            0x20000034   Data           4  tasks.o(.data)
    xNumOfOverflows                          0x20000038   Data           4  tasks.o(.data)
    uxTaskNumber                             0x2000003c   Data           4  tasks.o(.data)
    xNextTaskUnblockTime                     0x20000040   Data           4  tasks.o(.data)
    xIdleTaskHandle                          0x20000044   Data           4  tasks.o(.data)
    uxSchedulerSuspended                     0x20000048   Data           4  tasks.o(.data)
    pxDelayedTaskList                        0x2000004c   Data           4  tasks.o(.data)
    pxOverflowDelayedTaskList                0x20000050   Data           4  tasks.o(.data)
    .data                                    0x20000054   Section       32  heap_4.o(.data)
    pxEnd                                    0x20000054   Data           4  heap_4.o(.data)
    xFreeBytesRemaining                      0x20000058   Data           4  heap_4.o(.data)
    xMinimumEverFreeBytesRemaining           0x2000005c   Data           4  heap_4.o(.data)
    xNumberOfSuccessfulAllocations           0x20000060   Data           4  heap_4.o(.data)
    xNumberOfSuccessfulFrees                 0x20000064   Data           4  heap_4.o(.data)
    xBlockAllocatedBit                       0x20000068   Data           4  heap_4.o(.data)
    xStart                                   0x2000006c   Data           8  heap_4.o(.data)
    .data                                    0x20000074   Section       12  port.o(.data)
    ucMaxSysCallPriority                     0x20000074   Data           1  port.o(.data)
    uxCriticalNesting                        0x20000078   Data           4  port.o(.data)
    ulMaxPRIGROUPValue                       0x2000007c   Data           4  port.o(.data)
    .data                                    0x20000080   Section        1  bsp_pwm.o(.data)
    idx                                      0x20000080   Data           1  bsp_pwm.o(.data)
    .data                                    0x20000084   Section       12  bsp_can.o(.data)
    can1_filter_idx                          0x20000084   Data           1  bsp_can.o(.data)
    can2_filter_idx                          0x20000085   Data           1  bsp_can.o(.data)
    idx                                      0x20000086   Data           1  bsp_can.o(.data)
    busy_count                               0x20000088   Data           4  bsp_can.o(.data)
    wait_time                                0x2000008c   Data           4  bsp_can.o(.data)
    .data                                    0x20000090   Section        1  bsp_usart.o(.data)
    idx                                      0x20000090   Data           1  bsp_usart.o(.data)
    .bss                                     0x20000094   Section     1124  freertos.o(.bss)
    xIdleTaskTCBBuffer                       0x20000094   Data         100  freertos.o(.bss)
    xIdleStack                               0x200000f8   Data        1024  freertos.o(.bss)
    .bss                                     0x200004f8   Section       80  can.o(.bss)
    .bss                                     0x20000548   Section       88  spi.o(.bss)
    .bss                                     0x200005a0   Section      216  tim.o(.bss)
    .bss                                     0x20000678   Section      216  usart.o(.bss)
    .bss                                     0x20000750   Section       72  stm32f4xx_hal_timebase_tim.o(.bss)
    .bss                                     0x20000798   Section      240  tasks.o(.bss)
    pxReadyTasksLists                        0x20000798   Data         140  tasks.o(.bss)
    xDelayedTaskList1                        0x20000824   Data          20  tasks.o(.bss)
    xDelayedTaskList2                        0x20000838   Data          20  tasks.o(.bss)
    xPendingReadyList                        0x2000084c   Data          20  tasks.o(.bss)
    xTasksWaitingTermination                 0x20000860   Data          20  tasks.o(.bss)
    xSuspendedTaskList                       0x20000874   Data          20  tasks.o(.bss)
    .bss                                     0x20000888   Section    15360  heap_4.o(.bss)
    ucHeap                                   0x20000888   Data       15360  heap_4.o(.bss)
    .bss                                     0x20004488   Section       64  bsp_pwm.o(.bss)
    pwm_instance                             0x20004488   Data          64  bsp_pwm.o(.bss)
    .bss                                     0x200044c8   Section       92  bsp_can.o(.bss)
    can_instances                            0x200044c8   Data          64  bsp_can.o(.bss)
    rxconf                                   0x20004508   Data          28  bsp_can.o(.bss)
    .bss                                     0x20004524   Section       12  bsp_usart.o(.bss)
    usart_instances                          0x20004524   Data          12  bsp_usart.o(.bss)
    .bss                                     0x20004530   Section       96  libspace.o(.bss)
    HEAP                                     0x20004590   Section    38992  startup_stm32f427xx.o(HEAP)
    Heap_Mem                                 0x20004590   Data       38992  startup_stm32f427xx.o(HEAP)
    STACK                                    0x2000dde0   Section    38992  startup_stm32f427xx.o(STACK)
    Stack_Mem                                0x2000dde0   Data       38992  startup_stm32f427xx.o(STACK)
    __initial_sp                             0x20017630   Data           0  startup_stm32f427xx.o(STACK)

    Global Symbols

    Symbol Name                              Value     Ov Type        Size  Object(Section)

    BuildAttributes$$THM_ISAv4$E$P$D$K$B$S$7EM$VFPi3$EXTD16$VFPS$VFMA$PE$A:L22UL41UL21$X:L11$S22US41US21$IEEE1$IW$USESV6$~STKCKD$USESV7$~SHL$OTIME$ROPI$IEEEX$EBA8$UX$STANDARDLIB$REQ8$PRES8$EABIv2 0x00000000   Number         0  anon$$obj.o ABSOLUTE
    __ARM_use_no_argv                        0x00000000   Number         0  main.o ABSOLUTE
    __ARM_exceptions_init                     - Undefined Weak Reference
    __alloca_initialize                       - Undefined Weak Reference
    __arm_fini_                               - Undefined Weak Reference
    __arm_preinit_                            - Undefined Weak Reference
    __cpp_initialize__aeabi_                  - Undefined Weak Reference
    __cxa_finalize                            - Undefined Weak Reference
    __rt_locale                               - Undefined Weak Reference
    __sigvec_lookup                           - Undefined Weak Reference
    __user_heap_extent                        - Undefined Weak Reference
    _atexit_init                              - Undefined Weak Reference
    _call_atexit_fns                          - Undefined Weak Reference
    _clock_init                               - Undefined Weak Reference
    _fp_trap_init                             - Undefined Weak Reference
    _fp_trap_shutdown                         - Undefined Weak Reference
    _get_lc_collate                           - Undefined Weak Reference
    _get_lc_ctype                             - Undefined Weak Reference
    _get_lc_monetary                          - Undefined Weak Reference
    _get_lc_numeric                           - Undefined Weak Reference
    _get_lc_time                              - Undefined Weak Reference
    _getenv_init                              - Undefined Weak Reference
    _handle_redirection                       - Undefined Weak Reference
    _initio                                   - Undefined Weak Reference
    _mutex_acquire                            - Undefined Weak Reference
    _mutex_free                               - Undefined Weak Reference
    _mutex_release                            - Undefined Weak Reference
    _printf_post_padding                      - Undefined Weak Reference
    _printf_pre_padding                       - Undefined Weak Reference
    _printf_truncate_signed                   - Undefined Weak Reference
    _printf_truncate_unsigned                 - Undefined Weak Reference
    _rand_init                                - Undefined Weak Reference
    _signal_finish                            - Undefined Weak Reference
    _signal_init                              - Undefined Weak Reference
    _terminateio                              - Undefined Weak Reference
    __Vectors_Size                           0x000001ac   Number         0  startup_stm32f427xx.o ABSOLUTE
    __Vectors                                0x08000000   Data           4  startup_stm32f427xx.o(RESET)
    __Vectors_End                            0x080001ac   Data           0  startup_stm32f427xx.o(RESET)
    __main                                   0x080001ad   Thumb Code     8  __main.o(!!!main)
    __scatterload                            0x080001b5   Thumb Code     0  __scatter.o(!!!scatter)
    __scatterload_rt2                        0x080001b5   Thumb Code    44  __scatter.o(!!!scatter)
    __scatterload_rt2_thumb_only             0x080001b5   Thumb Code     0  __scatter.o(!!!scatter)
    __scatterload_null                       0x080001c3   Thumb Code     0  __scatter.o(!!!scatter)
    __scatterload_copy                       0x080001e9   Thumb Code    26  __scatter_copy.o(!!handler_copy)
    __scatterload_zeroinit                   0x08000205   Thumb Code    28  __scatter_zi.o(!!handler_zi)
    __rt_lib_init                            0x08000221   Thumb Code     0  libinit.o(.ARM.Collect$$libinit$$00000000)
    __rt_lib_init_fp_1                       0x08000223   Thumb Code     0  libinit2.o(.ARM.Collect$$libinit$$00000001)
    __rt_lib_init_alloca_1                   0x08000227   Thumb Code     0  libinit2.o(.ARM.Collect$$libinit$$0000002E)
    __rt_lib_init_argv_1                     0x08000227   Thumb Code     0  libinit2.o(.ARM.Collect$$libinit$$0000002C)
    __rt_lib_init_atexit_1                   0x08000227   Thumb Code     0  libinit2.o(.ARM.Collect$$libinit$$0000001B)
    __rt_lib_init_clock_1                    0x08000227   Thumb Code     0  libinit2.o(.ARM.Collect$$libinit$$00000021)
    __rt_lib_init_cpp_1                      0x08000227   Thumb Code     0  libinit2.o(.ARM.Collect$$libinit$$00000032)
    __rt_lib_init_exceptions_1               0x08000227   Thumb Code     0  libinit2.o(.ARM.Collect$$libinit$$00000030)
    __rt_lib_init_fp_trap_1                  0x08000227   Thumb Code     0  libinit2.o(.ARM.Collect$$libinit$$0000001F)
    __rt_lib_init_getenv_1                   0x08000227   Thumb Code     0  libinit2.o(.ARM.Collect$$libinit$$00000023)
    __rt_lib_init_heap_1                     0x08000227   Thumb Code     0  libinit2.o(.ARM.Collect$$libinit$$0000000A)
    __rt_lib_init_lc_collate_1               0x08000227   Thumb Code     0  libinit2.o(.ARM.Collect$$libinit$$00000011)
    __rt_lib_init_lc_ctype_1                 0x08000227   Thumb Code     0  libinit2.o(.ARM.Collect$$libinit$$00000013)
    __rt_lib_init_lc_monetary_1              0x08000227   Thumb Code     0  libinit2.o(.ARM.Collect$$libinit$$00000015)
    __rt_lib_init_lc_numeric_1               0x08000227   Thumb Code     0  libinit2.o(.ARM.Collect$$libinit$$00000017)
    __rt_lib_init_lc_time_1                  0x08000227   Thumb Code     0  libinit2.o(.ARM.Collect$$libinit$$00000019)
    __rt_lib_init_preinit_1                  0x08000227   Thumb Code     0  libinit2.o(.ARM.Collect$$libinit$$00000004)
    __rt_lib_init_rand_1                     0x08000227   Thumb Code     0  libinit2.o(.ARM.Collect$$libinit$$0000000E)
    __rt_lib_init_return                     0x08000227   Thumb Code     0  libinit2.o(.ARM.Collect$$libinit$$00000033)
    __rt_lib_init_signal_1                   0x08000227   Thumb Code     0  libinit2.o(.ARM.Collect$$libinit$$0000001D)
    __rt_lib_init_stdio_1                    0x08000227   Thumb Code     0  libinit2.o(.ARM.Collect$$libinit$$00000025)
    __rt_lib_init_user_alloc_1               0x08000227   Thumb Code     0  libinit2.o(.ARM.Collect$$libinit$$0000000C)
    __rt_lib_shutdown                        0x08000229   Thumb Code     0  libshutdown.o(.ARM.Collect$$libshutdown$$00000000)
    __rt_lib_shutdown_cpp_1                  0x0800022b   Thumb Code     0  libshutdown2.o(.ARM.Collect$$libshutdown$$00000004)
    __rt_lib_shutdown_fini_1                 0x0800022b   Thumb Code     0  libshutdown2.o(.ARM.Collect$$libshutdown$$00000002)
    __rt_lib_shutdown_fp_trap_1              0x0800022b   Thumb Code     0  libshutdown2.o(.ARM.Collect$$libshutdown$$00000009)
    __rt_lib_shutdown_heap_1                 0x0800022b   Thumb Code     0  libshutdown2.o(.ARM.Collect$$libshutdown$$00000011)
    __rt_lib_shutdown_return                 0x0800022b   Thumb Code     0  libshutdown2.o(.ARM.Collect$$libshutdown$$00000012)
    __rt_lib_shutdown_signal_1               0x0800022b   Thumb Code     0  libshutdown2.o(.ARM.Collect$$libshutdown$$0000000C)
    __rt_lib_shutdown_stdio_1                0x0800022b   Thumb Code     0  libshutdown2.o(.ARM.Collect$$libshutdown$$00000006)
    __rt_lib_shutdown_user_alloc_1           0x0800022b   Thumb Code     0  libshutdown2.o(.ARM.Collect$$libshutdown$$0000000E)
    __rt_entry                               0x0800022d   Thumb Code     0  __rtentry.o(.ARM.Collect$$rtentry$$00000000)
    __rt_entry_presh_1                       0x0800022d   Thumb Code     0  __rtentry2.o(.ARM.Collect$$rtentry$$00000002)
    __rt_entry_sh                            0x0800022d   Thumb Code     0  __rtentry4.o(.ARM.Collect$$rtentry$$00000004)
    __rt_entry_li                            0x08000233   Thumb Code     0  __rtentry2.o(.ARM.Collect$$rtentry$$0000000A)
    __rt_entry_postsh_1                      0x08000233   Thumb Code     0  __rtentry2.o(.ARM.Collect$$rtentry$$00000009)
    __rt_entry_main                          0x08000237   Thumb Code     0  __rtentry2.o(.ARM.Collect$$rtentry$$0000000D)
    __rt_entry_postli_1                      0x08000237   Thumb Code     0  __rtentry2.o(.ARM.Collect$$rtentry$$0000000C)
    __rt_exit                                0x0800023f   Thumb Code     0  rtexit.o(.ARM.Collect$$rtexit$$00000000)
    __rt_exit_ls                             0x08000241   Thumb Code     0  rtexit2.o(.ARM.Collect$$rtexit$$00000003)
    __rt_exit_prels_1                        0x08000241   Thumb Code     0  rtexit2.o(.ARM.Collect$$rtexit$$00000002)
    __rt_exit_exit                           0x08000245   Thumb Code     0  rtexit2.o(.ARM.Collect$$rtexit$$00000004)
    SVC_Handler                              0x0800024d   Thumb Code    28  port.o(.emb_text)
    __asm___6_port_c_39a90d8d__prvStartFirstTask 0x0800026d   Thumb Code    36  port.o(.emb_text)
    __asm___6_port_c_39a90d8d__prvEnableVFP  0x08000295   Thumb Code    16  port.o(.emb_text)
    PendSV_Handler                           0x080002a9   Thumb Code    88  port.o(.emb_text)
    vPortGetIPSR                             0x08000305   Thumb Code     6  port.o(.emb_text)
    Reset_Handler                            0x0800030d   Thumb Code     8  startup_stm32f427xx.o(.text)
    ADC_IRQHandler                           0x08000327   Thumb Code     0  startup_stm32f427xx.o(.text)
    CAN1_RX1_IRQHandler                      0x08000327   Thumb Code     0  startup_stm32f427xx.o(.text)
    CAN1_SCE_IRQHandler                      0x08000327   Thumb Code     0  startup_stm32f427xx.o(.text)
    DCMI_IRQHandler                          0x08000327   Thumb Code     0  startup_stm32f427xx.o(.text)
    DMA1_Stream0_IRQHandler                  0x08000327   Thumb Code     0  startup_stm32f427xx.o(.text)
    DMA1_Stream1_IRQHandler                  0x08000327   Thumb Code     0  startup_stm32f427xx.o(.text)
    DMA1_Stream2_IRQHandler                  0x08000327   Thumb Code     0  startup_stm32f427xx.o(.text)
    DMA1_Stream3_IRQHandler                  0x08000327   Thumb Code     0  startup_stm32f427xx.o(.text)
    DMA1_Stream4_IRQHandler                  0x08000327   Thumb Code     0  startup_stm32f427xx.o(.text)
    DMA1_Stream5_IRQHandler                  0x08000327   Thumb Code     0  startup_stm32f427xx.o(.text)
    DMA1_Stream6_IRQHandler                  0x08000327   Thumb Code     0  startup_stm32f427xx.o(.text)
    DMA1_Stream7_IRQHandler                  0x08000327   Thumb Code     0  startup_stm32f427xx.o(.text)
    DMA2D_IRQHandler                         0x08000327   Thumb Code     0  startup_stm32f427xx.o(.text)
    DMA2_Stream0_IRQHandler                  0x08000327   Thumb Code     0  startup_stm32f427xx.o(.text)
    DMA2_Stream1_IRQHandler                  0x08000327   Thumb Code     0  startup_stm32f427xx.o(.text)
    DMA2_Stream2_IRQHandler                  0x08000327   Thumb Code     0  startup_stm32f427xx.o(.text)
    DMA2_Stream3_IRQHandler                  0x08000327   Thumb Code     0  startup_stm32f427xx.o(.text)
    DMA2_Stream4_IRQHandler                  0x08000327   Thumb Code     0  startup_stm32f427xx.o(.text)
    DMA2_Stream5_IRQHandler                  0x08000327   Thumb Code     0  startup_stm32f427xx.o(.text)
    DMA2_Stream6_IRQHandler                  0x08000327   Thumb Code     0  startup_stm32f427xx.o(.text)
    DMA2_Stream7_IRQHandler                  0x08000327   Thumb Code     0  startup_stm32f427xx.o(.text)
    ETH_IRQHandler                           0x08000327   Thumb Code     0  startup_stm32f427xx.o(.text)
    ETH_WKUP_IRQHandler                      0x08000327   Thumb Code     0  startup_stm32f427xx.o(.text)
    EXTI0_IRQHandler                         0x08000327   Thumb Code     0  startup_stm32f427xx.o(.text)
    EXTI15_10_IRQHandler                     0x08000327   Thumb Code     0  startup_stm32f427xx.o(.text)
    EXTI1_IRQHandler                         0x08000327   Thumb Code     0  startup_stm32f427xx.o(.text)
    EXTI2_IRQHandler                         0x08000327   Thumb Code     0  startup_stm32f427xx.o(.text)
    EXTI3_IRQHandler                         0x08000327   Thumb Code     0  startup_stm32f427xx.o(.text)
    EXTI4_IRQHandler                         0x08000327   Thumb Code     0  startup_stm32f427xx.o(.text)
    EXTI9_5_IRQHandler                       0x08000327   Thumb Code     0  startup_stm32f427xx.o(.text)
    FLASH_IRQHandler                         0x08000327   Thumb Code     0  startup_stm32f427xx.o(.text)
    FMC_IRQHandler                           0x08000327   Thumb Code     0  startup_stm32f427xx.o(.text)
    FPU_IRQHandler                           0x08000327   Thumb Code     0  startup_stm32f427xx.o(.text)
    HASH_RNG_IRQHandler                      0x08000327   Thumb Code     0  startup_stm32f427xx.o(.text)
    I2C1_ER_IRQHandler                       0x08000327   Thumb Code     0  startup_stm32f427xx.o(.text)
    I2C1_EV_IRQHandler                       0x08000327   Thumb Code     0  startup_stm32f427xx.o(.text)
    I2C2_ER_IRQHandler                       0x08000327   Thumb Code     0  startup_stm32f427xx.o(.text)
    I2C2_EV_IRQHandler                       0x08000327   Thumb Code     0  startup_stm32f427xx.o(.text)
    I2C3_ER_IRQHandler                       0x08000327   Thumb Code     0  startup_stm32f427xx.o(.text)
    I2C3_EV_IRQHandler                       0x08000327   Thumb Code     0  startup_stm32f427xx.o(.text)
    OTG_FS_IRQHandler                        0x08000327   Thumb Code     0  startup_stm32f427xx.o(.text)
    OTG_FS_WKUP_IRQHandler                   0x08000327   Thumb Code     0  startup_stm32f427xx.o(.text)
    OTG_HS_EP1_IN_IRQHandler                 0x08000327   Thumb Code     0  startup_stm32f427xx.o(.text)
    OTG_HS_EP1_OUT_IRQHandler                0x08000327   Thumb Code     0  startup_stm32f427xx.o(.text)
    OTG_HS_IRQHandler                        0x08000327   Thumb Code     0  startup_stm32f427xx.o(.text)
    OTG_HS_WKUP_IRQHandler                   0x08000327   Thumb Code     0  startup_stm32f427xx.o(.text)
    PVD_IRQHandler                           0x08000327   Thumb Code     0  startup_stm32f427xx.o(.text)
    RCC_IRQHandler                           0x08000327   Thumb Code     0  startup_stm32f427xx.o(.text)
    RTC_Alarm_IRQHandler                     0x08000327   Thumb Code     0  startup_stm32f427xx.o(.text)
    RTC_WKUP_IRQHandler                      0x08000327   Thumb Code     0  startup_stm32f427xx.o(.text)
    SAI1_IRQHandler                          0x08000327   Thumb Code     0  startup_stm32f427xx.o(.text)
    SDIO_IRQHandler                          0x08000327   Thumb Code     0  startup_stm32f427xx.o(.text)
    SPI1_IRQHandler                          0x08000327   Thumb Code     0  startup_stm32f427xx.o(.text)
    SPI2_IRQHandler                          0x08000327   Thumb Code     0  startup_stm32f427xx.o(.text)
    SPI3_IRQHandler                          0x08000327   Thumb Code     0  startup_stm32f427xx.o(.text)
    SPI4_IRQHandler                          0x08000327   Thumb Code     0  startup_stm32f427xx.o(.text)
    SPI5_IRQHandler                          0x08000327   Thumb Code     0  startup_stm32f427xx.o(.text)
    SPI6_IRQHandler                          0x08000327   Thumb Code     0  startup_stm32f427xx.o(.text)
    TAMP_STAMP_IRQHandler                    0x08000327   Thumb Code     0  startup_stm32f427xx.o(.text)
    TIM1_BRK_TIM9_IRQHandler                 0x08000327   Thumb Code     0  startup_stm32f427xx.o(.text)
    TIM1_CC_IRQHandler                       0x08000327   Thumb Code     0  startup_stm32f427xx.o(.text)
    TIM1_TRG_COM_TIM11_IRQHandler            0x08000327   Thumb Code     0  startup_stm32f427xx.o(.text)
    TIM1_UP_TIM10_IRQHandler                 0x08000327   Thumb Code     0  startup_stm32f427xx.o(.text)
    TIM2_IRQHandler                          0x08000327   Thumb Code     0  startup_stm32f427xx.o(.text)
    TIM3_IRQHandler                          0x08000327   Thumb Code     0  startup_stm32f427xx.o(.text)
    TIM4_IRQHandler                          0x08000327   Thumb Code     0  startup_stm32f427xx.o(.text)
    TIM5_IRQHandler                          0x08000327   Thumb Code     0  startup_stm32f427xx.o(.text)
    TIM7_IRQHandler                          0x08000327   Thumb Code     0  startup_stm32f427xx.o(.text)
    TIM8_BRK_TIM12_IRQHandler                0x08000327   Thumb Code     0  startup_stm32f427xx.o(.text)
    TIM8_CC_IRQHandler                       0x08000327   Thumb Code     0  startup_stm32f427xx.o(.text)
    TIM8_TRG_COM_TIM14_IRQHandler            0x08000327   Thumb Code     0  startup_stm32f427xx.o(.text)
    TIM8_UP_TIM13_IRQHandler                 0x08000327   Thumb Code     0  startup_stm32f427xx.o(.text)
    UART4_IRQHandler                         0x08000327   Thumb Code     0  startup_stm32f427xx.o(.text)
    UART5_IRQHandler                         0x08000327   Thumb Code     0  startup_stm32f427xx.o(.text)
    UART7_IRQHandler                         0x08000327   Thumb Code     0  startup_stm32f427xx.o(.text)
    UART8_IRQHandler                         0x08000327   Thumb Code     0  startup_stm32f427xx.o(.text)
    USART1_IRQHandler                        0x08000327   Thumb Code     0  startup_stm32f427xx.o(.text)
    USART2_IRQHandler                        0x08000327   Thumb Code     0  startup_stm32f427xx.o(.text)
    USART3_IRQHandler                        0x08000327   Thumb Code     0  startup_stm32f427xx.o(.text)
    WWDG_IRQHandler                          0x08000327   Thumb Code     0  startup_stm32f427xx.o(.text)
    __user_initial_stackheap                 0x08000329   Thumb Code     0  startup_stm32f427xx.o(.text)
    __aeabi_uldivmod                         0x0800034d   Thumb Code     0  lludivv7m.o(.text)
    _ll_udiv                                 0x0800034d   Thumb Code   238  lludivv7m.o(.text)
    __aeabi_memcpy                           0x0800043b   Thumb Code     0  rt_memcpy_v6.o(.text)
    __rt_memcpy                              0x0800043b   Thumb Code   138  rt_memcpy_v6.o(.text)
    _memcpy_lastbytes                        0x080004a1   Thumb Code     0  rt_memcpy_v6.o(.text)
    __aeabi_memcpy4                          0x080004c5   Thumb Code     0  rt_memcpy_w.o(.text)
    __aeabi_memcpy8                          0x080004c5   Thumb Code     0  rt_memcpy_w.o(.text)
    __rt_memcpy_w                            0x080004c5   Thumb Code   100  rt_memcpy_w.o(.text)
    _memcpy_lastbytes_aligned                0x0800050d   Thumb Code     0  rt_memcpy_w.o(.text)
    __aeabi_memclr4                          0x08000529   Thumb Code     0  rt_memclr_w.o(.text)
    __aeabi_memclr8                          0x08000529   Thumb Code     0  rt_memclr_w.o(.text)
    __rt_memclr_w                            0x08000529   Thumb Code    78  rt_memclr_w.o(.text)
    _memset_w                                0x0800052d   Thumb Code     0  rt_memclr_w.o(.text)
    __use_two_region_memory                  0x08000577   Thumb Code     2  heapauxi.o(.text)
    __rt_heap_escrow                         0x08000579   Thumb Code     2  heapauxi.o(.text)
    __rt_heap_expand                         0x0800057b   Thumb Code     2  heapauxi.o(.text)
    __user_libspace                          0x0800057d   Thumb Code     8  libspace.o(.text)
    __user_perproc_libspace                  0x0800057d   Thumb Code     0  libspace.o(.text)
    __user_perthread_libspace                0x0800057d   Thumb Code     0  libspace.o(.text)
    __I$use$semihosting                      0x08000585   Thumb Code     0  use_no_semi.o(.text)
    __use_no_semihosting_swi                 0x08000585   Thumb Code     2  use_no_semi.o(.text)
    __semihosting_library_function           0x08000587   Thumb Code     0  indicate_semi.o(.text)
    __user_setup_stackheap                   0x08000587   Thumb Code    74  sys_stackheap_outer.o(.text)
    exit                                     0x080005d1   Thumb Code    18  exit.o(.text)
    _sys_exit                                0x080005e5   Thumb Code     8  sys_exit.o(.text)
    BusFault_Handler                         0x080005f1   Thumb Code     2  stm32f4xx_it.o(i.BusFault_Handler)
    CAN1_RX0_IRQHandler                      0x080005f5   Thumb Code     6  stm32f4xx_it.o(i.CAN1_RX0_IRQHandler)
    CAN1_TX_IRQHandler                       0x08000601   Thumb Code     6  stm32f4xx_it.o(i.CAN1_TX_IRQHandler)
    CAN2_RX0_IRQHandler                      0x0800060d   Thumb Code     6  stm32f4xx_it.o(i.CAN2_RX0_IRQHandler)
    CAN2_RX1_IRQHandler                      0x08000619   Thumb Code     6  stm32f4xx_it.o(i.CAN2_RX1_IRQHandler)
    CAN2_SCE_IRQHandler                      0x08000625   Thumb Code     6  stm32f4xx_it.o(i.CAN2_SCE_IRQHandler)
    CAN2_TX_IRQHandler                       0x08000631   Thumb Code     6  stm32f4xx_it.o(i.CAN2_TX_IRQHandler)
    DebugMon_Handler                         0x080006e5   Thumb Code     2  stm32f4xx_it.o(i.DebugMon_Handler)
    Error_Handler                            0x080006e7   Thumb Code     4  main.o(i.Error_Handler)
    HAL_CAN_ErrorCallback                    0x080006eb   Thumb Code     2  stm32f4xx_hal_can.o(i.HAL_CAN_ErrorCallback)
    HAL_CAN_GetRxFifoFillLevel               0x080006ed   Thumb Code    34  stm32f4xx_hal_can.o(i.HAL_CAN_GetRxFifoFillLevel)
    HAL_CAN_GetRxMessage                     0x0800070f   Thumb Code   244  stm32f4xx_hal_can.o(i.HAL_CAN_GetRxMessage)
    HAL_CAN_IRQHandler                       0x08000803   Thumb Code   508  stm32f4xx_hal_can.o(i.HAL_CAN_IRQHandler)
    HAL_CAN_Init                             0x080009ff   Thumb Code   282  stm32f4xx_hal_can.o(i.HAL_CAN_Init)
    HAL_CAN_MspInit                          0x08000b19   Thumb Code   290  can.o(i.HAL_CAN_MspInit)
    HAL_CAN_RxFifo0FullCallback              0x08000c55   Thumb Code     2  stm32f4xx_hal_can.o(i.HAL_CAN_RxFifo0FullCallback)
    HAL_CAN_RxFifo0MsgPendingCallback        0x08000c57   Thumb Code     6  bsp_can.o(i.HAL_CAN_RxFifo0MsgPendingCallback)
    HAL_CAN_RxFifo1FullCallback              0x08000c5d   Thumb Code     2  stm32f4xx_hal_can.o(i.HAL_CAN_RxFifo1FullCallback)
    HAL_CAN_RxFifo1MsgPendingCallback        0x08000c5f   Thumb Code     6  bsp_can.o(i.HAL_CAN_RxFifo1MsgPendingCallback)
    HAL_CAN_SleepCallback                    0x08000c65   Thumb Code     2  stm32f4xx_hal_can.o(i.HAL_CAN_SleepCallback)
    HAL_CAN_TxMailbox0AbortCallback          0x08000c67   Thumb Code     2  stm32f4xx_hal_can.o(i.HAL_CAN_TxMailbox0AbortCallback)
    HAL_CAN_TxMailbox0CompleteCallback       0x08000c69   Thumb Code     2  stm32f4xx_hal_can.o(i.HAL_CAN_TxMailbox0CompleteCallback)
    HAL_CAN_TxMailbox1AbortCallback          0x08000c6b   Thumb Code     2  stm32f4xx_hal_can.o(i.HAL_CAN_TxMailbox1AbortCallback)
    HAL_CAN_TxMailbox1CompleteCallback       0x08000c6d   Thumb Code     2  stm32f4xx_hal_can.o(i.HAL_CAN_TxMailbox1CompleteCallback)
    HAL_CAN_TxMailbox2AbortCallback          0x08000c6f   Thumb Code     2  stm32f4xx_hal_can.o(i.HAL_CAN_TxMailbox2AbortCallback)
    HAL_CAN_TxMailbox2CompleteCallback       0x08000c71   Thumb Code     2  stm32f4xx_hal_can.o(i.HAL_CAN_TxMailbox2CompleteCallback)
    HAL_CAN_WakeUpFromRxMsgCallback          0x08000c73   Thumb Code     2  stm32f4xx_hal_can.o(i.HAL_CAN_WakeUpFromRxMsgCallback)
    HAL_DMA_Abort                            0x08000c75   Thumb Code   146  stm32f4xx_hal_dma.o(i.HAL_DMA_Abort)
    HAL_DMA_Abort_IT                         0x08000d07   Thumb Code    36  stm32f4xx_hal_dma.o(i.HAL_DMA_Abort_IT)
    HAL_DMA_Start_IT                         0x08000d2b   Thumb Code   110  stm32f4xx_hal_dma.o(i.HAL_DMA_Start_IT)
    HAL_GPIO_Init                            0x08000d99   Thumb Code   510  stm32f4xx_hal_gpio.o(i.HAL_GPIO_Init)
    HAL_GPIO_WritePin                        0x08000fcd   Thumb Code    10  stm32f4xx_hal_gpio.o(i.HAL_GPIO_WritePin)
    HAL_GetTick                              0x08000fd9   Thumb Code     6  stm32f4xx_hal.o(i.HAL_GetTick)
    HAL_IncTick                              0x08000fe5   Thumb Code    12  stm32f4xx_hal.o(i.HAL_IncTick)
    HAL_Init                                 0x08000ff5   Thumb Code    48  stm32f4xx_hal.o(i.HAL_Init)
    HAL_InitTick                             0x08001029   Thumb Code   132  stm32f4xx_hal_timebase_tim.o(i.HAL_InitTick)
    HAL_MspInit                              0x080010c1   Thumb Code    52  stm32f4xx_hal_msp.o(i.HAL_MspInit)
    HAL_NVIC_EnableIRQ                       0x080010f9   Thumb Code    26  stm32f4xx_hal_cortex.o(i.HAL_NVIC_EnableIRQ)
    HAL_NVIC_SetPriority                     0x08001115   Thumb Code    60  stm32f4xx_hal_cortex.o(i.HAL_NVIC_SetPriority)
    HAL_NVIC_SetPriorityGrouping             0x08001155   Thumb Code    26  stm32f4xx_hal_cortex.o(i.HAL_NVIC_SetPriorityGrouping)
    HAL_PWREx_EnableOverDrive                0x08001179   Thumb Code    98  stm32f4xx_hal_pwr_ex.o(i.HAL_PWREx_EnableOverDrive)
    HAL_RCC_ClockConfig                      0x080011e9   Thumb Code   288  stm32f4xx_hal_rcc.o(i.HAL_RCC_ClockConfig)
    HAL_RCC_GetClockConfig                   0x0800131d   Thumb Code    54  stm32f4xx_hal_rcc.o(i.HAL_RCC_GetClockConfig)
    HAL_RCC_GetPCLK1Freq                     0x0800135d   Thumb Code    20  stm32f4xx_hal_rcc.o(i.HAL_RCC_GetPCLK1Freq)
    HAL_RCC_GetPCLK2Freq                     0x0800137d   Thumb Code    20  stm32f4xx_hal_rcc.o(i.HAL_RCC_GetPCLK2Freq)
    HAL_RCC_GetSysClockFreq                  0x0800139d   Thumb Code    88  stm32f4xx_hal_rcc.o(i.HAL_RCC_GetSysClockFreq)
    HAL_RCC_OscConfig                        0x08001401   Thumb Code   856  stm32f4xx_hal_rcc.o(i.HAL_RCC_OscConfig)
    HAL_SPI_Init                             0x0800176d   Thumb Code   188  stm32f4xx_hal_spi.o(i.HAL_SPI_Init)
    HAL_SPI_MspInit                          0x08001829   Thumb Code    94  spi.o(i.HAL_SPI_MspInit)
    HAL_TIMEx_BreakCallback                  0x08001895   Thumb Code     2  stm32f4xx_hal_tim_ex.o(i.HAL_TIMEx_BreakCallback)
    HAL_TIMEx_CommutCallback                 0x08001897   Thumb Code     2  stm32f4xx_hal_tim_ex.o(i.HAL_TIMEx_CommutCallback)
    HAL_TIMEx_ConfigBreakDeadTime            0x08001899   Thumb Code    84  stm32f4xx_hal_tim_ex.o(i.HAL_TIMEx_ConfigBreakDeadTime)
    HAL_TIMEx_MasterConfigSynchronization    0x080018ed   Thumb Code   116  stm32f4xx_hal_tim_ex.o(i.HAL_TIMEx_MasterConfigSynchronization)
    HAL_TIM_Base_Init                        0x0800197d   Thumb Code    90  stm32f4xx_hal_tim.o(i.HAL_TIM_Base_Init)
    HAL_TIM_Base_MspInit                     0x080019d9   Thumb Code    52  tim.o(i.HAL_TIM_Base_MspInit)
    HAL_TIM_Base_Start_IT                    0x08001a19   Thumb Code   100  stm32f4xx_hal_tim.o(i.HAL_TIM_Base_Start_IT)
    HAL_TIM_ConfigClockSource                0x08001a99   Thumb Code   220  stm32f4xx_hal_tim.o(i.HAL_TIM_ConfigClockSource)
    HAL_TIM_IC_CaptureCallback               0x08001b75   Thumb Code     2  stm32f4xx_hal_tim.o(i.HAL_TIM_IC_CaptureCallback)
    HAL_TIM_IRQHandler                       0x08001b77   Thumb Code   304  stm32f4xx_hal_tim.o(i.HAL_TIM_IRQHandler)
    HAL_TIM_MspPostInit                      0x08001ca9   Thumb Code   110  tim.o(i.HAL_TIM_MspPostInit)
    HAL_TIM_OC_DelayElapsedCallback          0x08001d2d   Thumb Code     2  stm32f4xx_hal_tim.o(i.HAL_TIM_OC_DelayElapsedCallback)
    HAL_TIM_PWM_ConfigChannel                0x08001d2f   Thumb Code   204  stm32f4xx_hal_tim.o(i.HAL_TIM_PWM_ConfigChannel)
    HAL_TIM_PWM_Init                         0x08001dfb   Thumb Code    90  stm32f4xx_hal_tim.o(i.HAL_TIM_PWM_Init)
    HAL_TIM_PWM_MspInit                      0x08001e55   Thumb Code    30  tim.o(i.HAL_TIM_PWM_MspInit)
    HAL_TIM_PWM_PulseFinishedCallback        0x08001e7d   Thumb Code    62  bsp_pwm.o(i.HAL_TIM_PWM_PulseFinishedCallback)
    HAL_TIM_PeriodElapsedCallback            0x08001ec5   Thumb Code    14  main.o(i.HAL_TIM_PeriodElapsedCallback)
    HAL_TIM_TriggerCallback                  0x08001ed9   Thumb Code     2  stm32f4xx_hal_tim.o(i.HAL_TIM_TriggerCallback)
    HAL_UARTEx_ReceiveToIdle_DMA             0x08001edb   Thumb Code    74  stm32f4xx_hal_uart.o(i.HAL_UARTEx_ReceiveToIdle_DMA)
    HAL_UARTEx_RxEventCallback               0x08001f25   Thumb Code    98  bsp_usart.o(i.HAL_UARTEx_RxEventCallback)
    HAL_UART_ErrorCallback                   0x08001f91   Thumb Code    72  bsp_usart.o(i.HAL_UART_ErrorCallback)
    HAL_UART_IRQHandler                      0x08001fe1   Thumb Code   636  stm32f4xx_hal_uart.o(i.HAL_UART_IRQHandler)
    HAL_UART_Init                            0x08002261   Thumb Code   100  stm32f4xx_hal_uart.o(i.HAL_UART_Init)
    HAL_UART_MspInit                         0x080022c5   Thumb Code   264  usart.o(i.HAL_UART_MspInit)
    HAL_UART_RxCpltCallback                  0x080023ed   Thumb Code     2  stm32f4xx_hal_uart.o(i.HAL_UART_RxCpltCallback)
    HAL_UART_RxHalfCpltCallback              0x080023ef   Thumb Code     2  stm32f4xx_hal_uart.o(i.HAL_UART_RxHalfCpltCallback)
    HAL_UART_TxCpltCallback                  0x080023f1   Thumb Code     2  stm32f4xx_hal_uart.o(i.HAL_UART_TxCpltCallback)
    HardFault_Handler                        0x080023f3   Thumb Code     2  stm32f4xx_it.o(i.HardFault_Handler)
    MX_CAN1_Init                             0x080023f5   Thumb Code    56  can.o(i.MX_CAN1_Init)
    MX_CAN2_Init                             0x08002435   Thumb Code    56  can.o(i.MX_CAN2_Init)
    MX_FREERTOS_Init                         0x08002475   Thumb Code    30  freertos.o(i.MX_FREERTOS_Init)
    MX_GPIO_Init                             0x0800249d   Thumb Code   204  gpio.o(i.MX_GPIO_Init)
    MX_SPI4_Init                             0x08002575   Thumb Code    62  spi.o(i.MX_SPI4_Init)
    MX_TIM10_Init                            0x080025bd   Thumb Code    94  tim.o(i.MX_TIM10_Init)
    MX_TIM1_Init                             0x08002625   Thumb Code   152  tim.o(i.MX_TIM1_Init)
    MX_TIM8_Init                             0x080026c5   Thumb Code    94  tim.o(i.MX_TIM8_Init)
    MX_USART1_UART_Init                      0x0800272d   Thumb Code    48  usart.o(i.MX_USART1_UART_Init)
    MX_USART3_UART_Init                      0x08002765   Thumb Code    48  usart.o(i.MX_USART3_UART_Init)
    MX_USART6_UART_Init                      0x0800279d   Thumb Code    48  usart.o(i.MX_USART6_UART_Init)
    MemManage_Handler                        0x080027d5   Thumb Code     2  stm32f4xx_it.o(i.MemManage_Handler)
    NMI_Handler                              0x080027d7   Thumb Code     2  stm32f4xx_it.o(i.NMI_Handler)
    StartDefaultTask                         0x080027d9   Thumb Code     8  freertos.o(i.StartDefaultTask)
    SysTick_Handler                          0x080027e1   Thumb Code    38  port.o(i.SysTick_Handler)
    SystemClock_Config                       0x0800280d   Thumb Code   150  main.o(i.SystemClock_Config)
    SystemInit                               0x080028ad   Thumb Code    12  system_stm32f4xx.o(i.SystemInit)
    TIM6_DAC_IRQHandler                      0x080028bd   Thumb Code     6  stm32f4xx_it.o(i.TIM6_DAC_IRQHandler)
    TIM_Base_SetConfig                       0x080028c9   Thumb Code   164  stm32f4xx_hal_tim.o(i.TIM_Base_SetConfig)
    TIM_ETR_SetConfig                        0x08002999   Thumb Code    20  stm32f4xx_hal_tim.o(i.TIM_ETR_SetConfig)
    TIM_OC2_SetConfig                        0x08002a1d   Thumb Code    98  stm32f4xx_hal_tim.o(i.TIM_OC2_SetConfig)
    UART_Start_Receive_DMA                   0x08002ebd   Thumb Code   146  stm32f4xx_hal_uart.o(i.UART_Start_Receive_DMA)
    USART6_IRQHandler                        0x08002f5d   Thumb Code     6  stm32f4xx_it.o(i.USART6_IRQHandler)
    UsageFault_Handler                       0x08002f69   Thumb Code     2  stm32f4xx_it.o(i.UsageFault_Handler)
    main                                     0x08002f8b   Thumb Code    58  main.o(i.main)
    osDelay                                  0x08002fd1   Thumb Code    14  cmsis_os.o(i.osDelay)
    osKernelStart                            0x08002fdf   Thumb Code    10  cmsis_os.o(i.osKernelStart)
    osThreadCreate                           0x08002fe9   Thumb Code    84  cmsis_os.o(i.osThreadCreate)
    pvPortMalloc                             0x08003389   Thumb Code   216  heap_4.o(i.pvPortMalloc)
    pxPortInitialiseStack                    0x08003465   Thumb Code    40  port.o(i.pxPortInitialiseStack)
    uxListRemove                             0x08003491   Thumb Code    38  list.o(i.uxListRemove)
    vApplicationGetIdleTaskMemory            0x080034b9   Thumb Code    18  freertos.o(i.vApplicationGetIdleTaskMemory)
    vListInitialise                          0x080034d1   Thumb Code    22  list.o(i.vListInitialise)
    vListInitialiseItem                      0x080034e7   Thumb Code     6  list.o(i.vListInitialiseItem)
    vListInsert                              0x080034ed   Thumb Code    48  list.o(i.vListInsert)
    vListInsertEnd                           0x0800351d   Thumb Code    24  list.o(i.vListInsertEnd)
    vPortEnterCritical                       0x08003535   Thumb Code    54  port.o(i.vPortEnterCritical)
    vPortExitCritical                        0x08003575   Thumb Code    34  port.o(i.vPortExitCritical)
    vPortFree                                0x0800359d   Thumb Code    94  heap_4.o(i.vPortFree)
    vPortSetupTimerInterrupt                 0x08003601   Thumb Code    32  port.o(i.vPortSetupTimerInterrupt)
    vTaskDelay                               0x08003625   Thumb Code    66  tasks.o(i.vTaskDelay)
    vTaskStartScheduler                      0x08003671   Thumb Code    90  tasks.o(i.vTaskStartScheduler)
    vTaskSuspendAll                          0x080036dd   Thumb Code    10  tasks.o(i.vTaskSuspendAll)
    vTaskSwitchContext                       0x080036ed   Thumb Code    82  tasks.o(i.vTaskSwitchContext)
    xPortStartScheduler                      0x08003749   Thumb Code   222  port.o(i.xPortStartScheduler)
    xTaskCreate                              0x0800383d   Thumb Code    90  tasks.o(i.xTaskCreate)
    xTaskCreateStatic                        0x08003897   Thumb Code    86  tasks.o(i.xTaskCreateStatic)
    xTaskIncrementTick                       0x080038ed   Thumb Code   194  tasks.o(i.xTaskIncrementTick)
    xTaskResumeAll                           0x080039b9   Thumb Code   182  tasks.o(i.xTaskResumeAll)
    _fp_init                                 0x08003a7d   Thumb Code    10  fpinit.o(x$fpl$fpinit)
    __fplib_config_fpu_vfp                   0x08003a85   Thumb Code     0  fpinit.o(x$fpl$fpinit)
    __fplib_config_pureend_doubles           0x08003a85   Thumb Code     0  fpinit.o(x$fpl$fpinit)
    AHBPrescTable                            0x08003aa4   Data          16  system_stm32f4xx.o(.constdata)
    APBPrescTable                            0x08003ab4   Data           8  system_stm32f4xx.o(.constdata)
    Region$$Table$$Base                      0x08003ac8   Number         0  anon$$obj.o(Region$$Table)
    Region$$Table$$Limit                     0x08003ae8   Number         0  anon$$obj.o(Region$$Table)
    defaultTaskHandle                        0x20000000   Data           4  freertos.o(.data)
    uwTickFreq                               0x20000008   Data           1  stm32f4xx_hal.o(.data)
    uwTickPrio                               0x2000000c   Data           4  stm32f4xx_hal.o(.data)
    uwTick                                   0x20000010   Data           4  stm32f4xx_hal.o(.data)
    SystemCoreClock                          0x20000014   Data           4  system_stm32f4xx.o(.data)
    pxCurrentTCB                             0x20000018   Data           4  tasks.o(.data)
    hcan1                                    0x200004f8   Data          40  can.o(.bss)
    hcan2                                    0x20000520   Data          40  can.o(.bss)
    hspi4                                    0x20000548   Data          88  spi.o(.bss)
    htim1                                    0x200005a0   Data          72  tim.o(.bss)
    htim8                                    0x200005e8   Data          72  tim.o(.bss)
    htim10                                   0x20000630   Data          72  tim.o(.bss)
    huart1                                   0x20000678   Data          72  usart.o(.bss)
    huart3                                   0x200006c0   Data          72  usart.o(.bss)
    huart6                                   0x20000708   Data          72  usart.o(.bss)
    htim6                                    0x20000750   Data          72  stm32f4xx_hal_timebase_tim.o(.bss)
    __libspace_start                         0x20004530   Data          96  libspace.o(.bss)
    __temporary_stack_top$libspace           0x20004590   Data           0  libspace.o(.bss)



==============================================================================

Memory Map of the image

  Image Entry point : 0x080001ad

  Load Region LR_IROM1 (Base: 0x08000000, Size: 0x00003b7c, Max: 0x00200000, ABSOLUTE)

    Execution Region ER_IROM1 (Exec base: 0x08000000, Load base: 0x08000000, Size: 0x00003ae8, Max: 0x00200000, ABSOLUTE)

    Exec Addr    Load Addr    Size         Type   Attr      Idx    E Section Name        Object

    0x08000000   0x08000000   0x000001ac   Data   RO            3    RESET               startup_stm32f427xx.o
    0x080001ac   0x080001ac   0x00000008   Code   RO         8765  * !!!main             c_w.l(__main.o)
    0x080001b4   0x080001b4   0x00000034   Code   RO         9233    !!!scatter          c_w.l(__scatter.o)
    0x080001e8   0x080001e8   0x0000001a   Code   RO         9235    !!handler_copy      c_w.l(__scatter_copy.o)
    0x08000202   0x08000202   0x00000002   PAD
    0x08000204   0x08000204   0x0000001c   Code   RO         9237    !!handler_zi        c_w.l(__scatter_zi.o)
    0x08000220   0x08000220   0x00000002   Code   RO         9170    .ARM.Collect$$libinit$$00000000  c_w.l(libinit.o)
    0x08000222   0x08000222   0x00000004   Code   RO         8992    .ARM.Collect$$libinit$$00000001  c_w.l(libinit2.o)
    0x08000226   0x08000226   0x00000000   Code   RO         8995    .ARM.Collect$$libinit$$00000004  c_w.l(libinit2.o)
    0x08000226   0x08000226   0x00000000   Code   RO         8998    .ARM.Collect$$libinit$$0000000A  c_w.l(libinit2.o)
    0x08000226   0x08000226   0x00000000   Code   RO         9000    .ARM.Collect$$libinit$$0000000C  c_w.l(libinit2.o)
    0x08000226   0x08000226   0x00000000   Code   RO         9002    .ARM.Collect$$libinit$$0000000E  c_w.l(libinit2.o)
    0x08000226   0x08000226   0x00000000   Code   RO         9005    .ARM.Collect$$libinit$$00000011  c_w.l(libinit2.o)
    0x08000226   0x08000226   0x00000000   Code   RO         9007    .ARM.Collect$$libinit$$00000013  c_w.l(libinit2.o)
    0x08000226   0x08000226   0x00000000   Code   RO         9009    .ARM.Collect$$libinit$$00000015  c_w.l(libinit2.o)
    0x08000226   0x08000226   0x00000000   Code   RO         9011    .ARM.Collect$$libinit$$00000017  c_w.l(libinit2.o)
    0x08000226   0x08000226   0x00000000   Code   RO         9013    .ARM.Collect$$libinit$$00000019  c_w.l(libinit2.o)
    0x08000226   0x08000226   0x00000000   Code   RO         9015    .ARM.Collect$$libinit$$0000001B  c_w.l(libinit2.o)
    0x08000226   0x08000226   0x00000000   Code   RO         9017    .ARM.Collect$$libinit$$0000001D  c_w.l(libinit2.o)
    0x08000226   0x08000226   0x00000000   Code   RO         9019    .ARM.Collect$$libinit$$0000001F  c_w.l(libinit2.o)
    0x08000226   0x08000226   0x00000000   Code   RO         9021    .ARM.Collect$$libinit$$00000021  c_w.l(libinit2.o)
    0x08000226   0x08000226   0x00000000   Code   RO         9023    .ARM.Collect$$libinit$$00000023  c_w.l(libinit2.o)
    0x08000226   0x08000226   0x00000000   Code   RO         9025    .ARM.Collect$$libinit$$00000025  c_w.l(libinit2.o)
    0x08000226   0x08000226   0x00000000   Code   RO         9029    .ARM.Collect$$libinit$$0000002C  c_w.l(libinit2.o)
    0x08000226   0x08000226   0x00000000   Code   RO         9031    .ARM.Collect$$libinit$$0000002E  c_w.l(libinit2.o)
    0x08000226   0x08000226   0x00000000   Code   RO         9033    .ARM.Collect$$libinit$$00000030  c_w.l(libinit2.o)
    0x08000226   0x08000226   0x00000000   Code   RO         9035    .ARM.Collect$$libinit$$00000032  c_w.l(libinit2.o)
    0x08000226   0x08000226   0x00000002   Code   RO         9036    .ARM.Collect$$libinit$$00000033  c_w.l(libinit2.o)
    0x08000228   0x08000228   0x00000002   Code   RO         9230    .ARM.Collect$$libshutdown$$00000000  c_w.l(libshutdown.o)
    0x0800022a   0x0800022a   0x00000000   Code   RO         9186    .ARM.Collect$$libshutdown$$00000002  c_w.l(libshutdown2.o)
    0x0800022a   0x0800022a   0x00000000   Code   RO         9188    .ARM.Collect$$libshutdown$$00000004  c_w.l(libshutdown2.o)
    0x0800022a   0x0800022a   0x00000000   Code   RO         9190    .ARM.Collect$$libshutdown$$00000006  c_w.l(libshutdown2.o)
    0x0800022a   0x0800022a   0x00000000   Code   RO         9193    .ARM.Collect$$libshutdown$$00000009  c_w.l(libshutdown2.o)
    0x0800022a   0x0800022a   0x00000000   Code   RO         9196    .ARM.Collect$$libshutdown$$0000000C  c_w.l(libshutdown2.o)
    0x0800022a   0x0800022a   0x00000000   Code   RO         9198    .ARM.Collect$$libshutdown$$0000000E  c_w.l(libshutdown2.o)
    0x0800022a   0x0800022a   0x00000000   Code   RO         9201    .ARM.Collect$$libshutdown$$00000011  c_w.l(libshutdown2.o)
    0x0800022a   0x0800022a   0x00000002   Code   RO         9202    .ARM.Collect$$libshutdown$$00000012  c_w.l(libshutdown2.o)
    0x0800022c   0x0800022c   0x00000000   Code   RO         8945    .ARM.Collect$$rtentry$$00000000  c_w.l(__rtentry.o)
    0x0800022c   0x0800022c   0x00000000   Code   RO         9100    .ARM.Collect$$rtentry$$00000002  c_w.l(__rtentry2.o)
    0x0800022c   0x0800022c   0x00000006   Code   RO         9112    .ARM.Collect$$rtentry$$00000004  c_w.l(__rtentry4.o)
    0x08000232   0x08000232   0x00000000   Code   RO         9102    .ARM.Collect$$rtentry$$00000009  c_w.l(__rtentry2.o)
    0x08000232   0x08000232   0x00000004   Code   RO         9103    .ARM.Collect$$rtentry$$0000000A  c_w.l(__rtentry2.o)
    0x08000236   0x08000236   0x00000000   Code   RO         9105    .ARM.Collect$$rtentry$$0000000C  c_w.l(__rtentry2.o)
    0x08000236   0x08000236   0x00000008   Code   RO         9106    .ARM.Collect$$rtentry$$0000000D  c_w.l(__rtentry2.o)
    0x0800023e   0x0800023e   0x00000002   Code   RO         9173    .ARM.Collect$$rtexit$$00000000  c_w.l(rtexit.o)
    0x08000240   0x08000240   0x00000000   Code   RO         9206    .ARM.Collect$$rtexit$$00000002  c_w.l(rtexit2.o)
    0x08000240   0x08000240   0x00000004   Code   RO         9207    .ARM.Collect$$rtexit$$00000003  c_w.l(rtexit2.o)
    0x08000244   0x08000244   0x00000006   Code   RO         9208    .ARM.Collect$$rtexit$$00000004  c_w.l(rtexit2.o)
    0x0800024a   0x0800024a   0x00000002   PAD
    0x0800024c   0x0800024c   0x000000be   Code   RO         5058    .emb_text           port.o
    0x0800030a   0x0800030a   0x00000002   PAD
    0x0800030c   0x0800030c   0x00000040   Code   RO            4    .text               startup_stm32f427xx.o
    0x0800034c   0x0800034c   0x000000ee   Code   RO         8711    .text               c_w.l(lludivv7m.o)
    0x0800043a   0x0800043a   0x0000008a   Code   RO         8751    .text               c_w.l(rt_memcpy_v6.o)
    0x080004c4   0x080004c4   0x00000064   Code   RO         8753    .text               c_w.l(rt_memcpy_w.o)
    0x08000528   0x08000528   0x0000004e   Code   RO         8761    .text               c_w.l(rt_memclr_w.o)
    0x08000576   0x08000576   0x00000006   Code   RO         8763    .text               c_w.l(heapauxi.o)
    0x0800057c   0x0800057c   0x00000008   Code   RO         9096    .text               c_w.l(libspace.o)
    0x08000584   0x08000584   0x00000002   Code   RO         9142    .text               c_w.l(use_no_semi.o)
    0x08000586   0x08000586   0x00000000   Code   RO         9144    .text               c_w.l(indicate_semi.o)
    0x08000586   0x08000586   0x0000004a   Code   RO         9145    .text               c_w.l(sys_stackheap_outer.o)
    0x080005d0   0x080005d0   0x00000012   Code   RO         9151    .text               c_w.l(exit.o)
    0x080005e2   0x080005e2   0x00000002   PAD
    0x080005e4   0x080005e4   0x0000000c   Code   RO         9171    .text               c_w.l(sys_exit.o)
    0x080005f0   0x080005f0   0x00000002   Code   RO          510    i.BusFault_Handler  stm32f4xx_it.o
    0x080005f2   0x080005f2   0x00000002   PAD
    0x080005f4   0x080005f4   0x0000000c   Code   RO          511    i.CAN1_RX0_IRQHandler  stm32f4xx_it.o
    0x08000600   0x08000600   0x0000000c   Code   RO          512    i.CAN1_TX_IRQHandler  stm32f4xx_it.o
    0x0800060c   0x0800060c   0x0000000c   Code   RO          513    i.CAN2_RX0_IRQHandler  stm32f4xx_it.o
    0x08000618   0x08000618   0x0000000c   Code   RO          514    i.CAN2_RX1_IRQHandler  stm32f4xx_it.o
    0x08000624   0x08000624   0x0000000c   Code   RO          515    i.CAN2_SCE_IRQHandler  stm32f4xx_it.o
    0x08000630   0x08000630   0x0000000c   Code   RO          516    i.CAN2_TX_IRQHandler  stm32f4xx_it.o
    0x0800063c   0x0800063c   0x00000080   Code   RO         5273    i.CANFIFOxCallback  bsp_can.o
    0x080006bc   0x080006bc   0x00000028   Code   RO         2399    i.DMA_SetConfig     stm32f4xx_hal_dma.o
    0x080006e4   0x080006e4   0x00000002   Code   RO          517    i.DebugMon_Handler  stm32f4xx_it.o
    0x080006e6   0x080006e6   0x00000004   Code   RO           13    i.Error_Handler     main.o
    0x080006ea   0x080006ea   0x00000002   Code   RO         1658    i.HAL_CAN_ErrorCallback  stm32f4xx_hal_can.o
    0x080006ec   0x080006ec   0x00000022   Code   RO         1660    i.HAL_CAN_GetRxFifoFillLevel  stm32f4xx_hal_can.o
    0x0800070e   0x0800070e   0x000000f4   Code   RO         1661    i.HAL_CAN_GetRxMessage  stm32f4xx_hal_can.o
    0x08000802   0x08000802   0x000001fc   Code   RO         1665    i.HAL_CAN_IRQHandler  stm32f4xx_hal_can.o
    0x080009fe   0x080009fe   0x0000011a   Code   RO         1666    i.HAL_CAN_Init      stm32f4xx_hal_can.o
    0x08000b18   0x08000b18   0x0000013c   Code   RO          294    i.HAL_CAN_MspInit   can.o
    0x08000c54   0x08000c54   0x00000002   Code   RO         1673    i.HAL_CAN_RxFifo0FullCallback  stm32f4xx_hal_can.o
    0x08000c56   0x08000c56   0x00000006   Code   RO         5277    i.HAL_CAN_RxFifo0MsgPendingCallback  bsp_can.o
    0x08000c5c   0x08000c5c   0x00000002   Code   RO         1675    i.HAL_CAN_RxFifo1FullCallback  stm32f4xx_hal_can.o
    0x08000c5e   0x08000c5e   0x00000006   Code   RO         5278    i.HAL_CAN_RxFifo1MsgPendingCallback  bsp_can.o
    0x08000c64   0x08000c64   0x00000002   Code   RO         1677    i.HAL_CAN_SleepCallback  stm32f4xx_hal_can.o
    0x08000c66   0x08000c66   0x00000002   Code   RO         1680    i.HAL_CAN_TxMailbox0AbortCallback  stm32f4xx_hal_can.o
    0x08000c68   0x08000c68   0x00000002   Code   RO         1681    i.HAL_CAN_TxMailbox0CompleteCallback  stm32f4xx_hal_can.o
    0x08000c6a   0x08000c6a   0x00000002   Code   RO         1682    i.HAL_CAN_TxMailbox1AbortCallback  stm32f4xx_hal_can.o
    0x08000c6c   0x08000c6c   0x00000002   Code   RO         1683    i.HAL_CAN_TxMailbox1CompleteCallback  stm32f4xx_hal_can.o
    0x08000c6e   0x08000c6e   0x00000002   Code   RO         1684    i.HAL_CAN_TxMailbox2AbortCallback  stm32f4xx_hal_can.o
    0x08000c70   0x08000c70   0x00000002   Code   RO         1685    i.HAL_CAN_TxMailbox2CompleteCallback  stm32f4xx_hal_can.o
    0x08000c72   0x08000c72   0x00000002   Code   RO         1687    i.HAL_CAN_WakeUpFromRxMsgCallback  stm32f4xx_hal_can.o
    0x08000c74   0x08000c74   0x00000092   Code   RO         2400    i.HAL_DMA_Abort     stm32f4xx_hal_dma.o
    0x08000d06   0x08000d06   0x00000024   Code   RO         2401    i.HAL_DMA_Abort_IT  stm32f4xx_hal_dma.o
    0x08000d2a   0x08000d2a   0x0000006e   Code   RO         2410    i.HAL_DMA_Start_IT  stm32f4xx_hal_dma.o
    0x08000d98   0x08000d98   0x00000234   Code   RO         2293    i.HAL_GPIO_Init     stm32f4xx_hal_gpio.o
    0x08000fcc   0x08000fcc   0x0000000a   Code   RO         2297    i.HAL_GPIO_WritePin  stm32f4xx_hal_gpio.o
    0x08000fd6   0x08000fd6   0x00000002   PAD
    0x08000fd8   0x08000fd8   0x0000000c   Code   RO         2863    i.HAL_GetTick       stm32f4xx_hal.o
    0x08000fe4   0x08000fe4   0x00000010   Code   RO         2869    i.HAL_IncTick       stm32f4xx_hal.o
    0x08000ff4   0x08000ff4   0x00000034   Code   RO         2870    i.HAL_Init          stm32f4xx_hal.o
    0x08001028   0x08001028   0x00000098   Code   RO          640    i.HAL_InitTick      stm32f4xx_hal_timebase_tim.o
    0x080010c0   0x080010c0   0x00000038   Code   RO          616    i.HAL_MspInit       stm32f4xx_hal_msp.o
    0x080010f8   0x080010f8   0x0000001a   Code   RO         2703    i.HAL_NVIC_EnableIRQ  stm32f4xx_hal_cortex.o
    0x08001112   0x08001112   0x00000002   PAD
    0x08001114   0x08001114   0x00000040   Code   RO         2709    i.HAL_NVIC_SetPriority  stm32f4xx_hal_cortex.o
    0x08001154   0x08001154   0x00000024   Code   RO         2710    i.HAL_NVIC_SetPriorityGrouping  stm32f4xx_hal_cortex.o
    0x08001178   0x08001178   0x00000070   Code   RO         2629    i.HAL_PWREx_EnableOverDrive  stm32f4xx_hal_pwr_ex.o
    0x080011e8   0x080011e8   0x00000134   Code   RO         1887    i.HAL_RCC_ClockConfig  stm32f4xx_hal_rcc.o
    0x0800131c   0x0800131c   0x00000040   Code   RO         1891    i.HAL_RCC_GetClockConfig  stm32f4xx_hal_rcc.o
    0x0800135c   0x0800135c   0x00000020   Code   RO         1894    i.HAL_RCC_GetPCLK1Freq  stm32f4xx_hal_rcc.o
    0x0800137c   0x0800137c   0x00000020   Code   RO         1895    i.HAL_RCC_GetPCLK2Freq  stm32f4xx_hal_rcc.o
    0x0800139c   0x0800139c   0x00000064   Code   RO         1896    i.HAL_RCC_GetSysClockFreq  stm32f4xx_hal_rcc.o
    0x08001400   0x08001400   0x0000036c   Code   RO         1899    i.HAL_RCC_OscConfig  stm32f4xx_hal_rcc.o
    0x0800176c   0x0800176c   0x000000bc   Code   RO         3129    i.HAL_SPI_Init      stm32f4xx_hal_spi.o
    0x08001828   0x08001828   0x0000006c   Code   RO          343    i.HAL_SPI_MspInit   spi.o
    0x08001894   0x08001894   0x00000002   Code   RO         1385    i.HAL_TIMEx_BreakCallback  stm32f4xx_hal_tim_ex.o
    0x08001896   0x08001896   0x00000002   Code   RO         1386    i.HAL_TIMEx_CommutCallback  stm32f4xx_hal_tim_ex.o
    0x08001898   0x08001898   0x00000054   Code   RO         1388    i.HAL_TIMEx_ConfigBreakDeadTime  stm32f4xx_hal_tim_ex.o
    0x080018ec   0x080018ec   0x00000090   Code   RO         1404    i.HAL_TIMEx_MasterConfigSynchronization  stm32f4xx_hal_tim_ex.o
    0x0800197c   0x0800197c   0x0000005a   Code   RO          681    i.HAL_TIM_Base_Init  stm32f4xx_hal_tim.o
    0x080019d6   0x080019d6   0x00000002   PAD
    0x080019d8   0x080019d8   0x00000040   Code   RO          385    i.HAL_TIM_Base_MspInit  tim.o
    0x08001a18   0x08001a18   0x00000080   Code   RO          686    i.HAL_TIM_Base_Start_IT  stm32f4xx_hal_tim.o
    0x08001a98   0x08001a98   0x000000dc   Code   RO          690    i.HAL_TIM_ConfigClockSource  stm32f4xx_hal_tim.o
    0x08001b74   0x08001b74   0x00000002   Code   RO          715    i.HAL_TIM_IC_CaptureCallback  stm32f4xx_hal_tim.o
    0x08001b76   0x08001b76   0x00000130   Code   RO          729    i.HAL_TIM_IRQHandler  stm32f4xx_hal_tim.o
    0x08001ca6   0x08001ca6   0x00000002   PAD
    0x08001ca8   0x08001ca8   0x00000084   Code   RO          386    i.HAL_TIM_MspPostInit  tim.o
    0x08001d2c   0x08001d2c   0x00000002   Code   RO          732    i.HAL_TIM_OC_DelayElapsedCallback  stm32f4xx_hal_tim.o
    0x08001d2e   0x08001d2e   0x000000cc   Code   RO          753    i.HAL_TIM_PWM_ConfigChannel  stm32f4xx_hal_tim.o
    0x08001dfa   0x08001dfa   0x0000005a   Code   RO          756    i.HAL_TIM_PWM_Init  stm32f4xx_hal_tim.o
    0x08001e54   0x08001e54   0x00000028   Code   RO          388    i.HAL_TIM_PWM_MspInit  tim.o
    0x08001e7c   0x08001e7c   0x00000048   Code   RO         5201    i.HAL_TIM_PWM_PulseFinishedCallback  bsp_pwm.o
    0x08001ec4   0x08001ec4   0x00000014   Code   RO           14    i.HAL_TIM_PeriodElapsedCallback  main.o
    0x08001ed8   0x08001ed8   0x00000002   Code   RO          772    i.HAL_TIM_TriggerCallback  stm32f4xx_hal_tim.o
    0x08001eda   0x08001eda   0x0000004a   Code   RO         3450    i.HAL_UARTEx_ReceiveToIdle_DMA  stm32f4xx_hal_uart.o
    0x08001f24   0x08001f24   0x0000006c   Code   RO         5418    i.HAL_UARTEx_RxEventCallback  bsp_usart.o
    0x08001f90   0x08001f90   0x00000050   Code   RO         5419    i.HAL_UART_ErrorCallback  bsp_usart.o
    0x08001fe0   0x08001fe0   0x00000280   Code   RO         3469    i.HAL_UART_IRQHandler  stm32f4xx_hal_uart.o
    0x08002260   0x08002260   0x00000064   Code   RO         3470    i.HAL_UART_Init     stm32f4xx_hal_uart.o
    0x080022c4   0x080022c4   0x00000128   Code   RO          457    i.HAL_UART_MspInit  usart.o
    0x080023ec   0x080023ec   0x00000002   Code   RO         3476    i.HAL_UART_RxCpltCallback  stm32f4xx_hal_uart.o
    0x080023ee   0x080023ee   0x00000002   Code   RO         3477    i.HAL_UART_RxHalfCpltCallback  stm32f4xx_hal_uart.o
    0x080023f0   0x080023f0   0x00000002   Code   RO         3481    i.HAL_UART_TxCpltCallback  stm32f4xx_hal_uart.o
    0x080023f2   0x080023f2   0x00000002   Code   RO          518    i.HardFault_Handler  stm32f4xx_it.o
    0x080023f4   0x080023f4   0x00000040   Code   RO          295    i.MX_CAN1_Init      can.o
    0x08002434   0x08002434   0x00000040   Code   RO          296    i.MX_CAN2_Init      can.o
    0x08002474   0x08002474   0x00000028   Code   RO          243    i.MX_FREERTOS_Init  freertos.o
    0x0800249c   0x0800249c   0x000000d8   Code   RO          219    i.MX_GPIO_Init      gpio.o
    0x08002574   0x08002574   0x00000048   Code   RO          344    i.MX_SPI4_Init      spi.o
    0x080025bc   0x080025bc   0x00000068   Code   RO          389    i.MX_TIM10_Init     tim.o
    0x08002624   0x08002624   0x000000a0   Code   RO          390    i.MX_TIM1_Init      tim.o
    0x080026c4   0x080026c4   0x00000068   Code   RO          391    i.MX_TIM8_Init      tim.o
    0x0800272c   0x0800272c   0x00000038   Code   RO          458    i.MX_USART1_UART_Init  usart.o
    0x08002764   0x08002764   0x00000038   Code   RO          459    i.MX_USART3_UART_Init  usart.o
    0x0800279c   0x0800279c   0x00000038   Code   RO          460    i.MX_USART6_UART_Init  usart.o
    0x080027d4   0x080027d4   0x00000002   Code   RO          519    i.MemManage_Handler  stm32f4xx_it.o
    0x080027d6   0x080027d6   0x00000002   Code   RO          520    i.NMI_Handler       stm32f4xx_it.o
    0x080027d8   0x080027d8   0x00000008   Code   RO          244    i.StartDefaultTask  freertos.o
    0x080027e0   0x080027e0   0x0000002c   Code   RO         5059    i.SysTick_Handler   port.o
    0x0800280c   0x0800280c   0x000000a0   Code   RO           15    i.SystemClock_Config  main.o
    0x080028ac   0x080028ac   0x00000010   Code   RO         3804    i.SystemInit        system_stm32f4xx.o
    0x080028bc   0x080028bc   0x0000000c   Code   RO          521    i.TIM6_DAC_IRQHandler  stm32f4xx_it.o
    0x080028c8   0x080028c8   0x000000d0   Code   RO          774    i.TIM_Base_SetConfig  stm32f4xx_hal_tim.o
    0x08002998   0x08002998   0x00000014   Code   RO          785    i.TIM_ETR_SetConfig  stm32f4xx_hal_tim.o
    0x080029ac   0x080029ac   0x00000010   Code   RO          786    i.TIM_ITRx_SetConfig  stm32f4xx_hal_tim.o
    0x080029bc   0x080029bc   0x00000060   Code   RO          787    i.TIM_OC1_SetConfig  stm32f4xx_hal_tim.o
    0x08002a1c   0x08002a1c   0x0000006c   Code   RO          788    i.TIM_OC2_SetConfig  stm32f4xx_hal_tim.o
    0x08002a88   0x08002a88   0x00000068   Code   RO          789    i.TIM_OC3_SetConfig  stm32f4xx_hal_tim.o
    0x08002af0   0x08002af0   0x00000050   Code   RO          790    i.TIM_OC4_SetConfig  stm32f4xx_hal_tim.o
    0x08002b40   0x08002b40   0x00000022   Code   RO          792    i.TIM_TI1_ConfigInputStage  stm32f4xx_hal_tim.o
    0x08002b62   0x08002b62   0x00000024   Code   RO          794    i.TIM_TI2_ConfigInputStage  stm32f4xx_hal_tim.o
    0x08002b86   0x08002b86   0x0000000e   Code   RO         3483    i.UART_DMAAbortOnError  stm32f4xx_hal_uart.o
    0x08002b94   0x08002b94   0x0000004a   Code   RO         3484    i.UART_DMAError     stm32f4xx_hal_uart.o
    0x08002bde   0x08002bde   0x00000086   Code   RO         3485    i.UART_DMAReceiveCplt  stm32f4xx_hal_uart.o
    0x08002c64   0x08002c64   0x0000001e   Code   RO         3487    i.UART_DMARxHalfCplt  stm32f4xx_hal_uart.o
    0x08002c82   0x08002c82   0x0000004e   Code   RO         3493    i.UART_EndRxTransfer  stm32f4xx_hal_uart.o
    0x08002cd0   0x08002cd0   0x0000001c   Code   RO         3494    i.UART_EndTxTransfer  stm32f4xx_hal_uart.o
    0x08002cec   0x08002cec   0x000000c2   Code   RO         3495    i.UART_Receive_IT   stm32f4xx_hal_uart.o
    0x08002dae   0x08002dae   0x00000002   PAD
    0x08002db0   0x08002db0   0x0000010c   Code   RO         3496    i.UART_SetConfig    stm32f4xx_hal_uart.o
    0x08002ebc   0x08002ebc   0x000000a0   Code   RO         3497    i.UART_Start_Receive_DMA  stm32f4xx_hal_uart.o
    0x08002f5c   0x08002f5c   0x0000000c   Code   RO          522    i.USART6_IRQHandler  stm32f4xx_it.o
    0x08002f68   0x08002f68   0x00000002   Code   RO          523    i.UsageFault_Handler  stm32f4xx_it.o
    0x08002f6a   0x08002f6a   0x00000020   Code   RO         2716    i.__NVIC_SetPriority  stm32f4xx_hal_cortex.o
    0x08002f8a   0x08002f8a   0x0000003a   Code   RO           16    i.main              main.o
    0x08002fc4   0x08002fc4   0x0000000c   Code   RO         4624    i.makeFreeRtosPriority  cmsis_os.o
    0x08002fd0   0x08002fd0   0x0000000e   Code   RO         4626    i.osDelay           cmsis_os.o
    0x08002fde   0x08002fde   0x0000000a   Code   RO         4629    i.osKernelStart     cmsis_os.o
    0x08002fe8   0x08002fe8   0x00000054   Code   RO         4663    i.osThreadCreate    cmsis_os.o
    0x0800303c   0x0800303c   0x00000070   Code   RO         4306    i.prvAddCurrentTaskToDelayedList  tasks.o
    0x080030ac   0x080030ac   0x000000d0   Code   RO         4307    i.prvAddNewTaskToReadyList  tasks.o
    0x0800317c   0x0800317c   0x00000034   Code   RO         4308    i.prvDeleteTCB      tasks.o
    0x080031b0   0x080031b0   0x0000004c   Code   RO         4991    i.prvHeapInit       heap_4.o
    0x080031fc   0x080031fc   0x00000060   Code   RO         4309    i.prvIdleTask       tasks.o
    0x0800325c   0x0800325c   0x00000098   Code   RO         4310    i.prvInitialiseNewTask  tasks.o
    0x080032f4   0x080032f4   0x0000004c   Code   RO         4992    i.prvInsertBlockIntoFreeList  heap_4.o
    0x08003340   0x08003340   0x00000020   Code   RO         4311    i.prvResetNextTaskUnblockTime  tasks.o
    0x08003360   0x08003360   0x00000028   Code   RO         5060    i.prvTaskExitError  port.o
    0x08003388   0x08003388   0x000000dc   Code   RO         4993    i.pvPortMalloc      heap_4.o
    0x08003464   0x08003464   0x0000002c   Code   RO         5061    i.pxPortInitialiseStack  port.o
    0x08003490   0x08003490   0x00000026   Code   RO         3942    i.uxListRemove      list.o
    0x080034b6   0x080034b6   0x00000002   PAD
    0x080034b8   0x080034b8   0x00000018   Code   RO          245    i.vApplicationGetIdleTaskMemory  freertos.o
    0x080034d0   0x080034d0   0x00000016   Code   RO         3943    i.vListInitialise   list.o
    0x080034e6   0x080034e6   0x00000006   Code   RO         3944    i.vListInitialiseItem  list.o
    0x080034ec   0x080034ec   0x00000030   Code   RO         3945    i.vListInsert       list.o
    0x0800351c   0x0800351c   0x00000018   Code   RO         3946    i.vListInsertEnd    list.o
    0x08003534   0x08003534   0x00000040   Code   RO         5063    i.vPortEnterCritical  port.o
    0x08003574   0x08003574   0x00000028   Code   RO         5064    i.vPortExitCritical  port.o
    0x0800359c   0x0800359c   0x00000064   Code   RO         4994    i.vPortFree         heap_4.o
    0x08003600   0x08003600   0x00000024   Code   RO         5065    i.vPortSetupTimerInterrupt  port.o
    0x08003624   0x08003624   0x0000004c   Code   RO         4320    i.vTaskDelay        tasks.o
    0x08003670   0x08003670   0x0000006c   Code   RO         4333    i.vTaskStartScheduler  tasks.o
    0x080036dc   0x080036dc   0x00000010   Code   RO         4335    i.vTaskSuspendAll   tasks.o
    0x080036ec   0x080036ec   0x0000005c   Code   RO         4336    i.vTaskSwitchContext  tasks.o
    0x08003748   0x08003748   0x000000f4   Code   RO         5067    i.xPortStartScheduler  port.o
    0x0800383c   0x0800383c   0x0000005a   Code   RO         4339    i.xTaskCreate       tasks.o
    0x08003896   0x08003896   0x00000056   Code   RO         4340    i.xTaskCreateStatic  tasks.o
    0x080038ec   0x080038ec   0x000000cc   Code   RO         4347    i.xTaskIncrementTick  tasks.o
    0x080039b8   0x080039b8   0x000000c4   Code   RO         4353    i.xTaskResumeAll    tasks.o
    0x08003a7c   0x08003a7c   0x0000000a   Code   RO         9140    x$fpl$fpinit        fz_wm.l(fpinit.o)
    0x08003a86   0x08003a86   0x00000002   PAD
    0x08003a88   0x08003a88   0x0000001c   Data   RO          247    .constdata          freertos.o
    0x08003aa4   0x08003aa4   0x00000010   Data   RO         3805    .constdata          system_stm32f4xx.o
    0x08003ab4   0x08003ab4   0x00000008   Data   RO         3806    .constdata          system_stm32f4xx.o
    0x08003abc   0x08003abc   0x0000000c   Data   RO          248    .conststring        freertos.o
    0x08003ac8   0x08003ac8   0x00000020   Data   RO         9231    Region$$Table       anon$$obj.o


    Execution Region RW_IRAM2 (Exec base: 0x10000000, Load base: 0x08003b7c, Size: 0x00000000, Max: 0x00010000, ABSOLUTE)

    **** No section assigned to this execution region ****


    Execution Region RW_IRAM1 (Exec base: 0x20000000, Load base: 0x08003ae8, Size: 0x00017630, Max: 0x00030000, ABSOLUTE)

    Exec Addr    Load Addr    Size         Type   Attr      Idx    E Section Name        Object

    0x20000000   0x08003ae8   0x00000004   Data   RW          249    .data               freertos.o
    0x20000004   0x08003aec   0x00000004   Data   RW          298    .data               can.o
    0x20000008   0x08003af0   0x0000000c   Data   RW         2877    .data               stm32f4xx_hal.o
    0x20000014   0x08003afc   0x00000004   Data   RW         3807    .data               system_stm32f4xx.o
    0x20000018   0x08003b00   0x0000003c   Data   RW         4356    .data               tasks.o
    0x20000054   0x08003b3c   0x00000020   Data   RW         5000    .data               heap_4.o
    0x20000074   0x08003b5c   0x0000000c   Data   RW         5068    .data               port.o
    0x20000080   0x08003b68   0x00000001   Data   RW         5210    .data               bsp_pwm.o
    0x20000081   0x08003b69   0x00000003   PAD
    0x20000084   0x08003b6c   0x0000000c   Data   RW         5280    .data               bsp_can.o
    0x20000090   0x08003b78   0x00000001   Data   RW         5425    .data               bsp_usart.o
    0x20000091   0x08003b79   0x00000003   PAD
    0x20000094        -       0x00000464   Zero   RW          246    .bss                freertos.o
    0x200004f8        -       0x00000050   Zero   RW          297    .bss                can.o
    0x20000548        -       0x00000058   Zero   RW          345    .bss                spi.o
    0x200005a0        -       0x000000d8   Zero   RW          392    .bss                tim.o
    0x20000678        -       0x000000d8   Zero   RW          461    .bss                usart.o
    0x20000750        -       0x00000048   Zero   RW          643    .bss                stm32f4xx_hal_timebase_tim.o
    0x20000798        -       0x000000f0   Zero   RW         4355    .bss                tasks.o
    0x20000888        -       0x00003c00   Zero   RW         4999    .bss                heap_4.o
    0x20004488        -       0x00000040   Zero   RW         5209    .bss                bsp_pwm.o
    0x200044c8        -       0x0000005c   Zero   RW         5279    .bss                bsp_can.o
    0x20004524        -       0x0000000c   Zero   RW         5424    .bss                bsp_usart.o
    0x20004530        -       0x00000060   Zero   RW         9097    .bss                c_w.l(libspace.o)
    0x20004590        -       0x00009850   Zero   RW            2    HEAP                startup_stm32f427xx.o
    0x2000dde0        -       0x00009850   Zero   RW            1    STACK               startup_stm32f427xx.o


==============================================================================

Image component sizes


      Code (inc. data)   RO Data    RW Data    ZI Data      Debug   Object Name

       140          8          0         12         92       3998   bsp_can.o
        72         10          0          1         64       2112   bsp_pwm.o
       188         18          0          1         12       2793   bsp_usart.o
       444         42          0          4         80       2486   can.o
       120          0          0          0          0      24093   cmsis_os.o
         0          0          0          0          0      17220   event_groups.o
        72         16         40          4       1124       2550   freertos.o
       216         12          0          0          0       1083   gpio.o
       472         24          0         32      15360       8015   heap_4.o
       138          0          0          0          0       4010   list.o
       242         16          0          0          0     795104   main.o
       702         72          0         12          0      11792   port.o
       180         24          0          0         88       1673   spi.o
        64         26        428          0      77984        840   startup_stm32f427xx.o
        80         14          0         12          0       8642   stm32f4xx_hal.o
      1090          0          0          0          0      12043   stm32f4xx_hal_can.o
       158         14          0          0          0      33546   stm32f4xx_hal_cortex.o
       332          0          0          0          0       4234   stm32f4xx_hal_dma.o
       574         54          0          0          0       2472   stm32f4xx_hal_gpio.o
        56          4          0          0          0        862   stm32f4xx_hal_msp.o
       112         14          0          0          0       1480   stm32f4xx_hal_pwr_ex.o
      1412         86          0          0          0       6461   stm32f4xx_hal_rcc.o
       188          0          0          0          0       1411   stm32f4xx_hal_spi.o
      1744        108          0          0          0      15820   stm32f4xx_hal_tim.o
       232         28          0          0          0       3701   stm32f4xx_hal_tim_ex.o
       152         20          0          0         72       1527   stm32f4xx_hal_timebase_tim.o
      1800         28          0          0          0      13392   stm32f4xx_hal_uart.o
       108         48          0          0          0       6513   stm32f4xx_it.o
         0          0          0          0          0        392   stream_buffer.o
        16          4         24          4          0       1171   system_stm32f4xx.o
      1520        112          0         60        240      21126   tasks.o
       604         72          0          0        216       4338   tim.o
       464         56          0          0        216       3160   usart.o

    ----------------------------------------------------------------------
     13708        930        524        148      95548    1020060   Object Totals
         0          0         32          0          0          0   (incl. Generated)
        16          0          0          6          0          0   (incl. Padding)

    ----------------------------------------------------------------------

      Code (inc. data)   RO Data    RW Data    ZI Data      Debug   Library Member Name

         8          0          0          0          0         68   __main.o
         0          0          0          0          0          0   __rtentry.o
        12          0          0          0          0          0   __rtentry2.o
         6          0          0          0          0          0   __rtentry4.o
        52          8          0          0          0          0   __scatter.o
        26          0          0          0          0          0   __scatter_copy.o
        28          0          0          0          0          0   __scatter_zi.o
        18          0          0          0          0         80   exit.o
         6          0          0          0          0        152   heapauxi.o
         0          0          0          0          0          0   indicate_semi.o
         2          0          0          0          0          0   libinit.o
         6          0          0          0          0          0   libinit2.o
         2          0          0          0          0          0   libshutdown.o
         2          0          0          0          0          0   libshutdown2.o
         8          4          0          0         96         68   libspace.o
       238          0          0          0          0        100   lludivv7m.o
        78          0          0          0          0         80   rt_memclr_w.o
       138          0          0          0          0         68   rt_memcpy_v6.o
       100          0          0          0          0         80   rt_memcpy_w.o
         2          0          0          0          0          0   rtexit.o
        10          0          0          0          0          0   rtexit2.o
        12          4          0          0          0         68   sys_exit.o
        74          0          0          0          0         80   sys_stackheap_outer.o
         2          0          0          0          0         68   use_no_semi.o
        10          0          0          0          0        116   fpinit.o

    ----------------------------------------------------------------------
       848         16          0          0         96       1028   Library Totals
         8          0          0          0          0          0   (incl. Padding)

    ----------------------------------------------------------------------

      Code (inc. data)   RO Data    RW Data    ZI Data      Debug   Library Name

       830         16          0          0         96        912   c_w.l
        10          0          0          0          0        116   fz_wm.l

    ----------------------------------------------------------------------
       848         16          0          0         96       1028   Library Totals

    ----------------------------------------------------------------------

==============================================================================


      Code (inc. data)   RO Data    RW Data    ZI Data      Debug   

     14556        946        524        148      95644    1006024   Grand Totals
     14556        946        524        148      95644    1006024   ELF Image Totals
     14556        946        524        148          0          0   ROM Totals

==============================================================================

    Total RO  Size (Code + RO Data)                15080 (  14.73kB)
    Total RW  Size (RW Data + ZI Data)             95792 (  93.55kB)
    Total ROM Size (Code + RO Data + RW Data)      15228 (  14.87kB)

==============================================================================

